Component: ARM Compiler 5.06 update 6 (build 750) Tool: armlink [4d35ed]

==============================================================================

Section Cross References

    startup_stm32f407xx.o(STACK) refers (Special) to heapauxi.o(.text) for __use_two_region_memory
    startup_stm32f407xx.o(HEAP) refers (Special) to heapauxi.o(.text) for __use_two_region_memory
    startup_stm32f407xx.o(RESET) refers (Special) to heapauxi.o(.text) for __use_two_region_memory
    startup_stm32f407xx.o(RESET) refers to startup_stm32f407xx.o(STACK) for __initial_sp
    startup_stm32f407xx.o(RESET) refers to startup_stm32f407xx.o(.text) for Reset_Handler
    startup_stm32f407xx.o(RESET) refers to stm32f4xx_it.o(i.NMI_Handler) for NMI_Handler
    startup_stm32f407xx.o(RESET) refers to stm32f4xx_it.o(i.HardFault_Handler) for HardFault_Handler
    startup_stm32f407xx.o(RESET) refers to stm32f4xx_it.o(i.MemManage_Handler) for MemManage_Handler
    startup_stm32f407xx.o(RESET) refers to stm32f4xx_it.o(i.BusFault_Handler) for BusFault_Handler
    startup_stm32f407xx.o(RESET) refers to stm32f4xx_it.o(i.UsageFault_Handler) for UsageFault_Handler
    startup_stm32f407xx.o(RESET) refers to stm32f4xx_it.o(i.SVC_Handler) for SVC_Handler
    startup_stm32f407xx.o(RESET) refers to stm32f4xx_it.o(i.DebugMon_Handler) for DebugMon_Handler
    startup_stm32f407xx.o(RESET) refers to stm32f4xx_it.o(i.PendSV_Handler) for PendSV_Handler
    startup_stm32f407xx.o(RESET) refers to stm32f4xx_it.o(i.SysTick_Handler) for SysTick_Handler
    startup_stm32f407xx.o(RESET) refers to stm32f4xx_it.o(i.DMA1_Stream1_IRQHandler) for DMA1_Stream1_IRQHandler
    startup_stm32f407xx.o(RESET) refers to stm32f4xx_it.o(i.USART1_IRQHandler) for USART1_IRQHandler
    startup_stm32f407xx.o(RESET) refers to stm32f4xx_it.o(i.USART3_IRQHandler) for USART3_IRQHandler
    startup_stm32f407xx.o(RESET) refers to stm32f4xx_it.o(i.DMA2_Stream2_IRQHandler) for DMA2_Stream2_IRQHandler
    startup_stm32f407xx.o(.text) refers (Special) to heapauxi.o(.text) for __use_two_region_memory
    startup_stm32f407xx.o(.text) refers to system_stm32f4xx.o(i.SystemInit) for SystemInit
    startup_stm32f407xx.o(.text) refers to __main.o(!!!main) for __main
    startup_stm32f407xx.o(.text) refers to startup_stm32f407xx.o(HEAP) for Heap_Mem
    startup_stm32f407xx.o(.text) refers to startup_stm32f407xx.o(STACK) for Stack_Mem
    main.o(i.SystemClock_Config) refers to rt_memclr_w.o(.text) for __aeabi_memclr4
    main.o(i.SystemClock_Config) refers to stm32f4xx_hal_rcc.o(i.HAL_RCC_OscConfig) for HAL_RCC_OscConfig
    main.o(i.SystemClock_Config) refers to main.o(i.Error_Handler) for Error_Handler
    main.o(i.SystemClock_Config) refers to stm32f4xx_hal_rcc.o(i.HAL_RCC_ClockConfig) for HAL_RCC_ClockConfig
    main.o(i.beep_off) refers to stm32f4xx_hal_gpio.o(i.HAL_GPIO_WritePin) for HAL_GPIO_WritePin
    main.o(i.beep_on) refers to stm32f4xx_hal_gpio.o(i.HAL_GPIO_WritePin) for HAL_GPIO_WritePin
    main.o(i.key_scan) refers to stm32f4xx_hal_gpio.o(i.HAL_GPIO_ReadPin) for HAL_GPIO_ReadPin
    main.o(i.key_scan) refers to stm32f4xx_hal.o(i.HAL_Delay) for HAL_Delay
    main.o(i.main) refers to stm32f4xx_hal.o(i.HAL_Init) for HAL_Init
    main.o(i.main) refers to main.o(i.SystemClock_Config) for SystemClock_Config
    main.o(i.main) refers to gpio.o(i.MX_GPIO_Init) for MX_GPIO_Init
    main.o(i.main) refers to dma.o(i.MX_DMA_Init) for MX_DMA_Init
    main.o(i.main) refers to fsmc.o(i.MX_FSMC_Init) for MX_FSMC_Init
    main.o(i.main) refers to usart.o(i.MX_USART1_UART_Init) for MX_USART1_UART_Init
    main.o(i.main) refers to usart.o(i.MX_USART3_UART_Init) for MX_USART3_UART_Init
    main.o(i.main) refers to tim.o(i.MX_TIM5_Init) for MX_TIM5_Init
    main.o(i.main) refers to main.o(i.beep_on) for beep_on
    main.o(i.main) refers to stm32f4xx_hal.o(i.HAL_Delay) for HAL_Delay
    main.o(i.main) refers to main.o(i.beep_off) for beep_off
    main.o(i.main) refers to lcd.o(i.LCD_Init) for LCD_Init
    main.o(i.main) refers to lcd.o(i.LCD_Clear) for LCD_Clear
    main.o(i.main) refers to stm32f4xx_hal_gpio.o(i.HAL_GPIO_WritePin) for HAL_GPIO_WritePin
    main.o(i.main) refers to laser.o(i.laser_init) for laser_init
    main.o(i.main) refers to main.o(i.key_scan) for key_scan
    main.o(i.main) refers to main.o(i.test1) for test1
    main.o(i.main) refers to main.o(i.test2) for test2
    main.o(i.main) refers to main.o(i.test3) for test3
    main.o(i.main) refers to main.o(i.test4) for test4
    main.o(i.main) refers to vmsgexec.o(i.vwm_init) for vwm_init
    main.o(i.main) refers to lcd.o(i.LCD_ShowString) for LCD_ShowString
    main.o(i.main) refers to lcd.o(.data) for POINT_COLOR
    main.o(i.main) refers to usart.o(.bss) for huart1
    main.o(i.scan_init) refers to rt_memclr_w.o(.text) for __aeabi_memclr4
    main.o(i.scan_init) refers to main.o(.bss) for scan_object
    main.o(i.step1_handle_msg) refers to _printf_percent.o(.ARM.Collect$$_printf_percent$$00000000) for _printf_percent
[...]
    .data                                    0x20000024   Section        8  lcd.o(.data)
    .data                                    0x2000002c   Section        4  duoji.o(.data)
    .bss                                     0x20000030   Section      364  main.o(.bss)
    .bss                                     0x2000019c   Section       80  fsmc.o(.bss)
    .bss                                     0x200001ec   Section       72  tim.o(.bss)
    .bss                                     0x20000234   Section      328  usart.o(.bss)
    .bss                                     0x2000037c   Section       40  laser.o(.bss)
    .bss                                     0x200003a4   Section       94  lcd.o(.bss)
    .bss                                     0x20000404   Section     1228  vmsgexec.o(.bss)
    .bss                                     0x200008d0   Section       96  libspace.o(.bss)
    HEAP                                     0x20000930   Section      512  startup_stm32f407xx.o(HEAP)
    Heap_Mem                                 0x20000930   Data         512  startup_stm32f407xx.o(HEAP)
    STACK                                    0x20000b30   Section     1024  startup_stm32f407xx.o(STACK)
    Stack_Mem                                0x20000b30   Data        1024  startup_stm32f407xx.o(STACK)
    __initial_sp                             0x20000f30   Data           0  startup_stm32f407xx.o(STACK)

    Global Symbols

    Symbol Name                              Value     Ov Type        Size  Object(Section)

    BuildAttributes$$THM_ISAv4$E$P$D$K$B$S$7EM$VFPi3$EXTD16$VFPS$VFMA$PE$A:L22UL41UL21$X:L11$S22US41US21$IEEE1$IW$USESV6$~STKCKD$USESV7$~SHL$OTIME$ROPI$IEEEX$EBA8$UX$STANDARDLIB$REQ8$PRES8$EABIv2 0x00000000   Number         0  anon$$obj.o ABSOLUTE
    __ARM_use_no_argv                        0x00000000   Number         0  main.o ABSOLUTE
    _printf_flags                            0x00000000   Number         0  printf_stubs.o ABSOLUTE
    _printf_return_value                     0x00000000   Number         0  printf_stubs.o ABSOLUTE
    _printf_sizespec                         0x00000000   Number         0  printf_stubs.o ABSOLUTE
    _printf_widthprec                        0x00000000   Number         0  printf_stubs.o ABSOLUTE
    __ARM_exceptions_init                     - Undefined Weak Reference
    __alloca_initialize                       - Undefined Weak Reference
    __arm_preinit_                            - Undefined Weak Reference
    __cpp_initialize__aeabi_                  - Undefined Weak Reference
    __cxa_finalize                            - Undefined Weak Reference
    __sigvec_lookup                           - Undefined Weak Reference
    _atexit_init                              - Undefined Weak Reference
    _call_atexit_fns                          - Undefined Weak Reference
    _clock_init                               - Undefined Weak Reference
    _fp_trap_init                             - Undefined Weak Reference
    _fp_trap_shutdown                         - Undefined Weak Reference
    _get_lc_collate                           - Undefined Weak Reference
    _get_lc_monetary                          - Undefined Weak Reference
    _get_lc_time                              - Undefined Weak Reference
    _getenv_init                              - Undefined Weak Reference
    _handle_redirection                       - Undefined Weak Reference
    _init_alloc                               - Undefined Weak Reference
    _init_user_alloc                          - Undefined Weak Reference
    _initio                                   - Undefined Weak Reference
    _printf_post_padding                      - Undefined Weak Reference
    _printf_pre_padding                       - Undefined Weak Reference
    _printf_truncate_signed                   - Undefined Weak Reference
    _printf_truncate_unsigned                 - Undefined Weak Reference
    _rand_init                                - Undefined Weak Reference
    _signal_finish                            - Undefined Weak Reference
    _signal_init                              - Undefined Weak Reference
    _terminate_alloc                          - Undefined Weak Reference
    _terminate_user_alloc                     - Undefined Weak Reference
    _terminateio                              - Undefined Weak Reference
    __Vectors_Size                           0x00000188   Number         0  startup_stm32f407xx.o ABSOLUTE
    __Vectors                                0x08000000   Data           4  startup_stm32f407xx.o(RESET)
    __Vectors_End                            0x08000188   Data           0  startup_stm32f407xx.o(RESET)
    __main                                   0x08000189   Thumb Code     8  __main.o(!!!main)
    __scatterload                            0x08000191   Thumb Code     0  __scatter.o(!!!scatter)
    __scatterload_rt2                        0x08000191   Thumb Code    44  __scatter.o(!!!scatter)
    __scatterload_rt2_thumb_only             0x08000191   Thumb Code     0  __scatter.o(!!!scatter)
    __scatterload_null                       0x0800019f   Thumb Code     0  __scatter.o(!!!scatter)
    __scatterload_copy                       0x080001c5   Thumb Code    26  __scatter_copy.o(!!handler_copy)
    __scatterload_zeroinit                   0x080001e1   Thumb Code    28  __scatter_zi.o(!!handler_zi)
    _printf_f                                0x080001fd   Thumb Code     0  _printf_f.o(.ARM.Collect$$_printf_percent$$00000003)
    _printf_percent                          0x080001fd   Thumb Code     0  _printf_percent.o(.ARM.Collect$$_printf_percent$$00000000)
    _printf_d                                0x08000203   Thumb Code     0  _printf_d.o(.ARM.Collect$$_printf_percent$$00000009)
    _printf_percent_end                      0x08000209   Thumb Code     0  _printf_percent_end.o(.ARM.Collect$$_printf_percent$$00000017)
    __rt_lib_init                            0x0800020d   Thumb Code     0  libinit.o(.ARM.Collect$$libinit$$00000000)
    __rt_lib_init_fp_1                       0x0800020f   Thumb Code     0  libinit2.o(.ARM.Collect$$libinit$$00000001)
    __rt_lib_init_heap_1                     0x08000213   Thumb Code     0  libinit2.o(.ARM.Collect$$libinit$$0000000A)
    __rt_lib_init_lc_common                  0x08000213   Thumb Code     0  libinit2.o(.ARM.Collect$$libinit$$0000000F)
    __rt_lib_init_preinit_1                  0x08000213   Thumb Code     0  libinit2.o(.ARM.Collect$$libinit$$00000004)
    __rt_lib_init_rand_1                     0x08000213   Thumb Code     0  libinit2.o(.ARM.Collect$$libinit$$0000000E)
    __rt_lib_init_user_alloc_1               0x08000213   Thumb Code     0  libinit2.o(.ARM.Collect$$libinit$$0000000C)
    __rt_lib_init_lc_collate_1               0x08000219   Thumb Code     0  libinit2.o(.ARM.Collect$$libinit$$00000011)
    __rt_lib_init_lc_ctype_2                 0x08000219   Thumb Code     0  libinit2.o(.ARM.Collect$$libinit$$00000012)
    __rt_lib_init_lc_ctype_1                 0x08000225   Thumb Code     0  libinit2.o(.ARM.Collect$$libinit$$00000013)
    __rt_lib_init_lc_monetary_1              0x08000225   Thumb Code     0  libinit2.o(.ARM.Collect$$libinit$$00000015)
    __rt_lib_init_lc_numeric_2               0x08000225   Thumb Code     0  libinit2.o(.ARM.Collect$$libinit$$00000016)
    __rt_lib_init_alloca_1                   0x0800022f   Thumb Code     0  libinit2.o(.ARM.Collect$$libinit$$0000002E)
    __rt_lib_init_argv_1                     0x0800022f   Thumb Code     0  libinit2.o(.ARM.Collect$$libinit$$0000002C)
    __rt_lib_init_atexit_1                   0x0800022f   Thumb Code     0  libinit2.o(.ARM.Collect$$libinit$$0000001B)
    __rt_lib_init_clock_1                    0x0800022f   Thumb Code     0  libinit2.o(.ARM.Collect$$libinit$$00000021)
    __rt_lib_init_cpp_1                      0x0800022f   Thumb Code     0  libinit2.o(.ARM.Collect$$libinit$$00000032)
    __rt_lib_init_exceptions_1               0x0800022f   Thumb Code     0  libinit2.o(.ARM.Collect$$libinit$$00000030)
    __rt_lib_init_fp_trap_1                  0x0800022f   Thumb Code     0  libinit2.o(.ARM.Collect$$libinit$$0000001F)
    __rt_lib_init_getenv_1                   0x0800022f   Thumb Code     0  libinit2.o(.ARM.Collect$$libinit$$00000023)
    __rt_lib_init_lc_numeric_1               0x0800022f   Thumb Code     0  libinit2.o(.ARM.Collect$$libinit$$00000017)
    __rt_lib_init_lc_time_1                  0x0800022f   Thumb Code     0  libinit2.o(.ARM.Collect$$libinit$$00000019)
    __rt_lib_init_return                     0x0800022f   Thumb Code     0  libinit2.o(.ARM.Collect$$libinit$$00000033)
    __rt_lib_init_signal_1                   0x0800022f   Thumb Code     0  libinit2.o(.ARM.Collect$$libinit$$0000001D)
    __rt_lib_init_stdio_1                    0x0800022f   Thumb Code     0  libinit2.o(.ARM.Collect$$libinit$$00000025)
    __rt_lib_shutdown                        0x08000231   Thumb Code     0  libshutdown.o(.ARM.Collect$$libshutdown$$00000000)
    __rt_lib_shutdown_cpp_1                  0x08000233   Thumb Code     0  libshutdown2.o(.ARM.Collect$$libshutdown$$00000002)
    __rt_lib_shutdown_fp_trap_1              0x08000233   Thumb Code     0  libshutdown2.o(.ARM.Collect$$libshutdown$$00000007)
    __rt_lib_shutdown_heap_1                 0x08000233   Thumb Code     0  libshutdown2.o(.ARM.Collect$$libshutdown$$0000000F)
    __rt_lib_shutdown_return                 0x08000233   Thumb Code     0  libshutdown2.o(.ARM.Collect$$libshutdown$$00000010)
    __rt_lib_shutdown_signal_1               0x08000233   Thumb Code     0  libshutdown2.o(.ARM.Collect$$libshutdown$$0000000A)
    __rt_lib_shutdown_stdio_1                0x08000233   Thumb Code     0  libshutdown2.o(.ARM.Collect$$libshutdown$$00000004)
    __rt_lib_shutdown_user_alloc_1           0x08000233   Thumb Code     0  libshutdown2.o(.ARM.Collect$$libshutdown$$0000000C)
    __rt_entry                               0x08000235   Thumb Code     0  __rtentry.o(.ARM.Collect$$rtentry$$00000000)
    __rt_entry_presh_1                       0x08000235   Thumb Code     0  __rtentry2.o(.ARM.Collect$$rtentry$$00000002)
    __rt_entry_sh                            0x08000235   Thumb Code     0  __rtentry4.o(.ARM.Collect$$rtentry$$00000004)
    __rt_entry_li                            0x0800023b   Thumb Code     0  __rtentry2.o(.ARM.Collect$$rtentry$$0000000A)
    __rt_entry_postsh_1                      0x0800023b   Thumb Code     0  __rtentry2.o(.ARM.Collect$$rtentry$$00000009)
    __rt_entry_main                          0x0800023f   Thumb Code     0  __rtentry2.o(.ARM.Collect$$rtentry$$0000000D)
    __rt_entry_postli_1                      0x0800023f   Thumb Code     0  __rtentry2.o(.ARM.Collect$$rtentry$$0000000C)
    __rt_exit                                0x08000247   Thumb Code     0  rtexit.o(.ARM.Collect$$rtexit$$00000000)
    __rt_exit_ls                             0x08000249   Thumb Code     0  rtexit2.o(.ARM.Collect$$rtexit$$00000003)
    __rt_exit_prels_1                        0x08000249   Thumb Code     0  rtexit2.o(.ARM.Collect$$rtexit$$00000002)
    __rt_exit_exit                           0x0800024d   Thumb Code     0  rtexit2.o(.ARM.Collect$$rtexit$$00000004)
    Reset_Handler                            0x08000255   Thumb Code     8  startup_stm32f407xx.o(.text)
    ADC_IRQHandler                           0x0800026f   Thumb Code     0  startup_stm32f407xx.o(.text)
    CAN1_RX0_IRQHandler                      0x0800026f   Thumb Code     0  startup_stm32f407xx.o(.text)
    CAN1_RX1_IRQHandler                      0x0800026f   Thumb Code     0  startup_stm32f407xx.o(.text)
    CAN1_SCE_IRQHandler                      0x0800026f   Thumb Code     0  startup_stm32f407xx.o(.text)
    CAN1_TX_IRQHandler                       0x0800026f   Thumb Code     0  startup_stm32f407xx.o(.text)
    CAN2_RX0_IRQHandler                      0x0800026f   Thumb Code     0  startup_stm32f407xx.o(.text)
    CAN2_RX1_IRQHandler                      0x0800026f   Thumb Code     0  startup_stm32f407xx.o(.text)
    CAN2_SCE_IRQHandler                      0x0800026f   Thumb Code     0  startup_stm32f407xx.o(.text)
    CAN2_TX_IRQHandler                       0x0800026f   Thumb Code     0  startup_stm32f407xx.o(.text)
    DCMI_IRQHandler                          0x0800026f   Thumb Code     0  startup_stm32f407xx.o(.text)
    DMA1_Stream0_IRQHandler                  0x0800026f   Thumb Code     0  startup_stm32f407xx.o(.text)
    DMA1_Stream2_IRQHandler                  0x0800026f   Thumb Code     0  startup_stm32f407xx.o(.text)
    DMA1_Stream3_IRQHandler                  0x0800026f   Thumb Code     0  startup_stm32f407xx.o(.text)
    DMA1_Stream4_IRQHandler                  0x0800026f   Thumb Code     0  startup_stm32f407xx.o(.text)
    DMA1_Stream5_IRQHandler                  0x0800026f   Thumb Code     0  startup_stm32f407xx.o(.text)
    DMA1_Stream6_IRQHandler                  0x0800026f   Thumb Code     0  startup_stm32f407xx.o(.text)
    DMA1_Stream7_IRQHandler                  0x0800026f   Thumb Code     0  startup_stm32f407xx.o(.text)
    DMA2_Stream0_IRQHandler                  0x0800026f   Thumb Code     0  startup_stm32f407xx.o(.text)
    DMA2_Stream1_IRQHandler                  0x0800026f   Thumb Code     0  startup_stm32f407xx.o(.text)
    DMA2_Stream3_IRQHandler                  0x0800026f   Thumb Code     0  startup_stm32f407xx.o(.text)
    DMA2_Stream4_IRQHandler                  0x0800026f   Thumb Code     0  startup_stm32f407xx.o(.text)
    DMA2_Stream5_IRQHandler                  0x0800026f   Thumb Code     0  startup_stm32f407xx.o(.text)
    DMA2_Stream6_IRQHandler                  0x0800026f   Thumb Code     0  startup_stm32f407xx.o(.text)
    DMA2_Stream7_IRQHandler                  0x0800026f   Thumb Code     0  startup_stm32f407xx.o(.text)
    ETH_IRQHandler                           0x0800026f   Thumb Code     0  startup_stm32f407xx.o(.text)
    ETH_WKUP_IRQHandler                      0x0800026f   Thumb Code     0  startup_stm32f407xx.o(.text)
    EXTI0_IRQHandler                         0x0800026f   Thumb Code     0  startup_stm32f407xx.o(.text)
    EXTI15_10_IRQHandler                     0x0800026f   Thumb Code     0  startup_stm32f407xx.o(.text)
    EXTI1_IRQHandler                         0x0800026f   Thumb Code     0  startup_stm32f407xx.o(.text)
    EXTI2_IRQHandler                         0x0800026f   Thumb Code     0  startup_stm32f407xx.o(.text)
    EXTI3_IRQHandler                         0x0800026f   Thumb Code     0  startup_stm32f407xx.o(.text)
    EXTI4_IRQHandler                         0x0800026f   Thumb Code     0  startup_stm32f407xx.o(.text)
    EXTI9_5_IRQHandler                       0x0800026f   Thumb Code     0  startup_stm32f407xx.o(.text)
    FLASH_IRQHandler                         0x0800026f   Thumb Code     0  startup_stm32f407xx.o(.text)
    FMC_IRQHandler                           0x0800026f   Thumb Code     0  startup_stm32f407xx.o(.text)
    FPU_IRQHandler                           0x0800026f   Thumb Code     0  startup_stm32f407xx.o(.text)
    HASH_RNG_IRQHandler                      0x0800026f   Thumb Code     0  startup_stm32f407xx.o(.text)
    I2C1_ER_IRQHandler                       0x0800026f   Thumb Code     0  startup_stm32f407xx.o(.text)
    I2C1_EV_IRQHandler                       0x0800026f   Thumb Code     0  startup_stm32f407xx.o(.text)
    I2C2_ER_IRQHandler                       0x0800026f   Thumb Code     0  startup_stm32f407xx.o(.text)
    I2C2_EV_IRQHandler                       0x0800026f   Thumb Code     0  startup_stm32f407xx.o(.text)
    I2C3_ER_IRQHandler                       0x0800026f   Thumb Code     0  startup_stm32f407xx.o(.text)
    I2C3_EV_IRQHandler                       0x0800026f   Thumb Code     0  startup_stm32f407xx.o(.text)
    OTG_FS_IRQHandler                        0x0800026f   Thumb Code     0  startup_stm32f407xx.o(.text)
    OTG_FS_WKUP_IRQHandler                   0x0800026f   Thumb Code     0  startup_stm32f407xx.o(.text)
    OTG_HS_EP1_IN_IRQHandler                 0x0800026f   Thumb Code     0  startup_stm32f407xx.o(.text)
    OTG_HS_EP1_OUT_IRQHandler                0x0800026f   Thumb Code     0  startup_stm32f407xx.o(.text)
    OTG_HS_IRQHandler                        0x0800026f   Thumb Code     0  startup_stm32f407xx.o(.text)
    OTG_HS_WKUP_IRQHandler                   0x0800026f   Thumb Code     0  startup_stm32f407xx.o(.text)
    PVD_IRQHandler                           0x0800026f   Thumb Code     0  startup_stm32f407xx.o(.text)
    RCC_IRQHandler                           0x0800026f   Thumb Code     0  startup_stm32f407xx.o(.text)
    RTC_Alarm_IRQHandler                     0x0800026f   Thumb Code     0  startup_stm32f407xx.o(.text)
    RTC_WKUP_IRQHandler                      0x0800026f   Thumb Code     0  startup_stm32f407xx.o(.text)
    SDIO_IRQHandler                          0x0800026f   Thumb Code     0  startup_stm32f407xx.o(.text)
    SPI1_IRQHandler                          0x0800026f   Thumb Code     0  startup_stm32f407xx.o(.text)
    SPI2_IRQHandler                          0x0800026f   Thumb Code     0  startup_stm32f407xx.o(.text)
    SPI3_IRQHandler                          0x0800026f   Thumb Code     0  startup_stm32f407xx.o(.text)
    TAMP_STAMP_IRQHandler                    0x0800026f   Thumb Code     0  startup_stm32f407xx.o(.text)
    TIM1_BRK_TIM9_IRQHandler                 0x0800026f   Thumb Code     0  startup_stm32f407xx.o(.text)
    TIM1_CC_IRQHandler                       0x0800026f   Thumb Code     0  startup_stm32f407xx.o(.text)
    TIM1_TRG_COM_TIM11_IRQHandler            0x0800026f   Thumb Code     0  startup_stm32f407xx.o(.text)
    TIM1_UP_TIM10_IRQHandler                 0x0800026f   Thumb Code     0  startup_stm32f407xx.o(.text)
    TIM2_IRQHandler                          0x0800026f   Thumb Code     0  startup_stm32f407xx.o(.text)
    TIM3_IRQHandler                          0x0800026f   Thumb Code     0  startup_stm32f407xx.o(.text)
    TIM4_IRQHandler                          0x0800026f   Thumb Code     0  startup_stm32f407xx.o(.text)
    TIM5_IRQHandler                          0x0800026f   Thumb Code     0  startup_stm32f407xx.o(.text)
    TIM6_DAC_IRQHandler                      0x0800026f   Thumb Code     0  startup_stm32f407xx.o(.text)
    TIM7_IRQHandler                          0x0800026f   Thumb Code     0  startup_stm32f407xx.o(.text)
    TIM8_BRK_TIM12_IRQHandler                0x0800026f   Thumb Code     0  startup_stm32f407xx.o(.text)
    TIM8_CC_IRQHandler                       0x0800026f   Thumb Code     0  startup_stm32f407xx.o(.text)
    TIM8_TRG_COM_TIM14_IRQHandler            0x0800026f   Thumb Code     0  startup_stm32f407xx.o(.text)
    TIM8_UP_TIM13_IRQHandler                 0x0800026f   Thumb Code     0  startup_stm32f407xx.o(.text)
    UART4_IRQHandler                         0x0800026f   Thumb Code     0  startup_stm32f407xx.o(.text)
    UART5_IRQHandler                         0x0800026f   Thumb Code     0  startup_stm32f407xx.o(.text)
    USART2_IRQHandler                        0x0800026f   Thumb Code     0  startup_stm32f407xx.o(.text)
    USART6_IRQHandler                        0x0800026f   Thumb Code     0  startup_stm32f407xx.o(.text)
    WWDG_IRQHandler                          0x0800026f   Thumb Code     0  startup_stm32f407xx.o(.text)
    __user_initial_stackheap                 0x08000271   Thumb Code     0  startup_stm32f407xx.o(.text)
    __aeabi_uldivmod                         0x08000295   Thumb Code     0  lludivv7m.o(.text)
    _ll_udiv                                 0x08000295   Thumb Code   238  lludivv7m.o(.text)
    __2sprintf                               0x08000385   Thumb Code    38  __2sprintf.o(.text)
    _printf_int_dec                          0x080003b1   Thumb Code   104  _printf_dec.o(.text)
    __printf                                 0x08000429   Thumb Code   270  __printf_wp.o(.text)
    __aeabi_memcpy                           0x08000537   Thumb Code     0  rt_memcpy_v6.o(.text)
    __rt_memcpy                              0x08000537   Thumb Code   138  rt_memcpy_v6.o(.text)
    _memcpy_lastbytes                        0x0800059d   Thumb Code     0  rt_memcpy_v6.o(.text)
    __aeabi_memclr                           0x080005c1   Thumb Code     0  rt_memclr.o(.text)
    __rt_memclr                              0x080005c1   Thumb Code    68  rt_memclr.o(.text)
    _memset                                  0x080005c5   Thumb Code     0  rt_memclr.o(.text)
    __aeabi_memclr4                          0x08000605   Thumb Code     0  rt_memclr_w.o(.text)
    __aeabi_memclr8                          0x08000605   Thumb Code     0  rt_memclr_w.o(.text)
    __rt_memclr_w                            0x08000605   Thumb Code    78  rt_memclr_w.o(.text)
    _memset_w                                0x08000609   Thumb Code     0  rt_memclr_w.o(.text)
    __use_two_region_memory                  0x08000653   Thumb Code     2  heapauxi.o(.text)
    __rt_heap_escrow$2region                 0x08000655   Thumb Code     2  heapauxi.o(.text)
    __rt_heap_expand$2region                 0x08000657   Thumb Code     2  heapauxi.o(.text)
    __read_errno                             0x08000659   Thumb Code    10  _rserrno.o(.text)
    __set_errno                              0x08000663   Thumb Code    12  _rserrno.o(.text)
    _printf_int_common                       0x0800066f   Thumb Code   178  _printf_intcommon.o(.text)
    __lib_sel_fp_printf                      0x08000721   Thumb Code     2  _printf_fp_dec.o(.text)
    _printf_fp_dec_real                      0x080008d3   Thumb Code   620  _printf_fp_dec.o(.text)
    _printf_char_common                      0x08000b4b   Thumb Code    32  _printf_char_common.o(.text)
    _sputc                                   0x08000b71   Thumb Code    10  _sputc.o(.text)
    __strtod_int                             0x08000bb9   Thumb Code    90  strtod.o(.text)
    __aeabi_memcpy4                          0x08000c21   Thumb Code     0  rt_memcpy_w.o(.text)
    __aeabi_memcpy8                          0x08000c21   Thumb Code     0  rt_memcpy_w.o(.text)
    __rt_memcpy_w                            0x08000c21   Thumb Code   100  rt_memcpy_w.o(.text)
    _memcpy_lastbytes_aligned                0x08000c69   Thumb Code     0  rt_memcpy_w.o(.text)
    __rt_locale                              0x08000c85   Thumb Code     8  rt_locale_intlibspace.o(.text)
    __aeabi_errno_addr                       0x08000c8d   Thumb Code     8  rt_errno_addr_intlibspace.o(.text)
    __errno$intlibspace                      0x08000c8d   Thumb Code     0  rt_errno_addr_intlibspace.o(.text)
    __rt_errno_addr$intlibspace              0x08000c8d   Thumb Code     0  rt_errno_addr_intlibspace.o(.text)
    _ll_udiv10                               0x08000c95   Thumb Code   138  lludiv10.o(.text)
    isspace                                  0x08000d1f   Thumb Code    18  isspace.o(.text)
    _printf_fp_infnan                        0x08000d31   Thumb Code   112  _printf_fp_infnan.o(.text)
    _sgetc                                   0x08000db1   Thumb Code    30  _sgetc.o(.text)
    _sbackspace                              0x08000dcf   Thumb Code    34  _sgetc.o(.text)
    _btod_etento                             0x08000df1   Thumb Code   224  bigflt0.o(.text)
    __user_libspace                          0x08000ed5   Thumb Code     8  libspace.o(.text)
    __user_perproc_libspace                  0x08000ed5   Thumb Code     0  libspace.o(.text)
    __user_perthread_libspace                0x08000ed5   Thumb Code     0  libspace.o(.text)
    __user_setup_stackheap                   0x08000edd   Thumb Code    74  sys_stackheap_outer.o(.text)
    __rt_ctype_table                         0x08000f29   Thumb Code    16  rt_ctype_table.o(.text)
    _scanf_really_real                       0x08001185   Thumb Code   684  scanf_fp.o(.text)
    exit                                     0x08001431   Thumb Code    18  exit.o(.text)
    strcmp                                   0x08001445   Thumb Code   128  strcmpv7m.o(.text)
    _sys_exit                                0x080014c5   Thumb Code     8  sys_exit.o(.text)
    _scanf_really_hex_real                   0x080014d1   Thumb Code   786  scanf_hexfp.o(.text)
    _scanf_really_infnan                     0x080017f1   Thumb Code   292  scanf_infnan.o(.text)
    __I$use$semihosting                      0x08001925   Thumb Code     0  use_no_semi.o(.text)
    __use_no_semihosting_swi                 0x08001925   Thumb Code     2  use_no_semi.o(.text)
    __aeabi_llsl                             0x08001927   Thumb Code     0  llshl.o(.text)
    __semihosting_library_function           0x08001927   Thumb Code     0  indicate_semi.o(.text)
    _ll_shift_l                              0x08001927   Thumb Code    38  llshl.o(.text)
    _chval                                   0x0800194d   Thumb Code    28  _chval.o(.text)
    _btod_d2e                                0x08001969   Thumb Code    62  btod.o(CL$$btod_d2e)
    _d2e_denorm_low                          0x080019a7   Thumb Code    70  btod.o(CL$$btod_d2e_denorm_low)
    _d2e_norm_op1                            0x080019ed   Thumb Code    96  btod.o(CL$$btod_d2e_norm_op1)
    __btod_div_common                        0x08001a4d   Thumb Code   696  btod.o(CL$$btod_div_common)
    _e2d                                     0x08001d85   Thumb Code   122  btod.o(CL$$btod_e2d)
    _e2e                                     0x08001e09   Thumb Code   220  btod.o(CL$$btod_e2e)
    _btod_ediv                               0x08001ee5   Thumb Code    42  btod.o(CL$$btod_ediv)
    _btod_edivd                              0x08001f0f   Thumb Code    42  btod.o(CL$$btod_edivd)
    _btod_emul                               0x08001f39   Thumb Code    42  btod.o(CL$$btod_emul)
    _btod_emuld                              0x08001f63   Thumb Code    42  btod.o(CL$$btod_emuld)
    __btod_mult_common                       0x08001f8d   Thumb Code   580  btod.o(CL$$btod_mult_common)
    BusFault_Handler                         0x080021d1   Thumb Code     4  stm32f4xx_it.o(i.BusFault_Handler)
    DMA1_Stream1_IRQHandler                  0x080021d5   Thumb Code    10  stm32f4xx_it.o(i.DMA1_Stream1_IRQHandler)
    DMA2_Stream2_IRQHandler                  0x080021e5   Thumb Code    10  stm32f4xx_it.o(i.DMA2_Stream2_IRQHandler)
    DebugMon_Handler                         0x080022ff   Thumb Code     2  stm32f4xx_it.o(i.DebugMon_Handler)
    Error_Handler                            0x08002301   Thumb Code     6  main.o(i.Error_Handler)
    FSMC_NORSRAM_Extended_Timing_Init        0x08002309   Thumb Code    62  stm32f4xx_ll_fsmc.o(i.FSMC_NORSRAM_Extended_Timing_Init)
    FSMC_NORSRAM_Init                        0x0800234d   Thumb Code   116  stm32f4xx_ll_fsmc.o(i.FSMC_NORSRAM_Init)
    FSMC_NORSRAM_Timing_Init                 0x080023c5   Thumb Code    66  stm32f4xx_ll_fsmc.o(i.FSMC_NORSRAM_Timing_Init)
    HAL_DMA_Abort                            0x08002407   Thumb Code   172  stm32f4xx_hal_dma.o(i.HAL_DMA_Abort)
    HAL_DMA_Abort_IT                         0x080024b3   Thumb Code    40  stm32f4xx_hal_dma.o(i.HAL_DMA_Abort_IT)
    HAL_DMA_IRQHandler                       0x080024dd   Thumb Code   570  stm32f4xx_hal_dma.o(i.HAL_DMA_IRQHandler)
    HAL_DMA_Init                             0x0800271d   Thumb Code   232  stm32f4xx_hal_dma.o(i.HAL_DMA_Init)
    HAL_DMA_Start_IT                         0x08002809   Thumb Code   146  stm32f4xx_hal_dma.o(i.HAL_DMA_Start_IT)
    HAL_Delay                                0x0800289d   Thumb Code    36  stm32f4xx_hal.o(i.HAL_Delay)
    HAL_GPIO_Init                            0x08002951   Thumb Code   454  stm32f4xx_hal_gpio.o(i.HAL_GPIO_Init)
    HAL_GPIO_ReadPin                         0x08002b45   Thumb Code    16  stm32f4xx_hal_gpio.o(i.HAL_GPIO_ReadPin)
    HAL_GPIO_WritePin                        0x08002b55   Thumb Code    12  stm32f4xx_hal_gpio.o(i.HAL_GPIO_WritePin)
    HAL_GetTick                              0x08002b61   Thumb Code     6  stm32f4xx_hal.o(i.HAL_GetTick)
    HAL_IncTick                              0x08002b6d   Thumb Code    16  stm32f4xx_hal.o(i.HAL_IncTick)
    HAL_Init                                 0x08002b85   Thumb Code    54  stm32f4xx_hal.o(i.HAL_Init)
    HAL_InitTick                             0x08002bc1   Thumb Code    64  stm32f4xx_hal.o(i.HAL_InitTick)
    HAL_MspInit                              0x08002c0d   Thumb Code    68  stm32f4xx_hal_msp.o(i.HAL_MspInit)
    HAL_NVIC_DisableIRQ                      0x08002c55   Thumb Code    62  stm32f4xx_hal_cortex.o(i.HAL_NVIC_DisableIRQ)
    HAL_NVIC_EnableIRQ                       0x08002c99   Thumb Code    32  stm32f4xx_hal_cortex.o(i.HAL_NVIC_EnableIRQ)
    HAL_NVIC_SetPriority                     0x08002cb9   Thumb Code   124  stm32f4xx_hal_cortex.o(i.HAL_NVIC_SetPriority)
    HAL_NVIC_SetPriorityGrouping             0x08002d35   Thumb Code    32  stm32f4xx_hal_cortex.o(i.HAL_NVIC_SetPriorityGrouping)
    HAL_RCC_ClockConfig                      0x08002d5d   Thumb Code   368  stm32f4xx_hal_rcc.o(i.HAL_RCC_ClockConfig)
    HAL_RCC_GetHCLKFreq                      0x08002ee1   Thumb Code     6  stm32f4xx_hal_rcc.o(i.HAL_RCC_GetHCLKFreq)
    HAL_RCC_GetPCLK1Freq                     0x08002eed   Thumb Code    22  stm32f4xx_hal_rcc.o(i.HAL_RCC_GetPCLK1Freq)
    HAL_RCC_GetPCLK2Freq                     0x08002f0d   Thumb Code    22  stm32f4xx_hal_rcc.o(i.HAL_RCC_GetPCLK2Freq)
    HAL_RCC_GetSysClockFreq                  0x08002f2d   Thumb Code   162  stm32f4xx_hal_rcc.o(i.HAL_RCC_GetSysClockFreq)
    HAL_RCC_OscConfig                        0x08002fdd   Thumb Code  1172  stm32f4xx_hal_rcc.o(i.HAL_RCC_OscConfig)
    HAL_SRAM_Init                            0x08003479   Thumb Code    94  stm32f4xx_hal_sram.o(i.HAL_SRAM_Init)
    HAL_SRAM_MspInit                         0x080034d7   Thumb Code    10  fsmc.o(i.HAL_SRAM_MspInit)
    HAL_SYSTICK_Config                       0x080034e1   Thumb Code    52  stm32f4xx_hal_cortex.o(i.HAL_SYSTICK_Config)
    HAL_TIMEx_MasterConfigSynchronization    0x08003515   Thumb Code   150  stm32f4xx_hal_tim_ex.o(i.HAL_TIMEx_MasterConfigSynchronization)
    HAL_TIM_Base_Init                        0x080035c9   Thumb Code   102  stm32f4xx_hal_tim.o(i.HAL_TIM_Base_Init)
    HAL_TIM_Base_MspInit                     0x08003631   Thumb Code    44  tim.o(i.HAL_TIM_Base_MspInit)
    HAL_TIM_Base_Start                       0x08003665   Thumb Code   126  stm32f4xx_hal_tim.o(i.HAL_TIM_Base_Start)
    HAL_TIM_Base_Stop                        0x08003701   Thumb Code    50  stm32f4xx_hal_tim.o(i.HAL_TIM_Base_Stop)
    HAL_TIM_ConfigClockSource                0x08003733   Thumb Code   268  stm32f4xx_hal_tim.o(i.HAL_TIM_ConfigClockSource)
    HAL_UARTEx_RxEventCallback               0x0800383f   Thumb Code     2  stm32f4xx_hal_uart.o(i.HAL_UARTEx_RxEventCallback)
    HAL_UART_DMAStop                         0x08003841   Thumb Code   138  stm32f4xx_hal_uart.o(i.HAL_UART_DMAStop)
    HAL_UART_ErrorCallback                   0x080038cb   Thumb Code     2  stm32f4xx_hal_uart.o(i.HAL_UART_ErrorCallback)
    HAL_UART_IRQHandler                      0x080038cd   Thumb Code   732  stm32f4xx_hal_uart.o(i.HAL_UART_IRQHandler)
    HAL_UART_Init                            0x08003bad   Thumb Code   114  stm32f4xx_hal_uart.o(i.HAL_UART_Init)
    HAL_UART_MspInit                         0x08003c21   Thumb Code   382  usart.o(i.HAL_UART_MspInit)
    HAL_UART_Receive_DMA                     0x08003dc1   Thumb Code    66  stm32f4xx_hal_uart.o(i.HAL_UART_Receive_DMA)
    HAL_UART_RxCpltCallback                  0x08003e03   Thumb Code     2  stm32f4xx_hal_uart.o(i.HAL_UART_RxCpltCallback)
    HAL_UART_RxHalfCpltCallback              0x08003e05   Thumb Code     2  stm32f4xx_hal_uart.o(i.HAL_UART_RxHalfCpltCallback)
    HAL_UART_Transmit                        0x08003e07   Thumb Code   210  stm32f4xx_hal_uart.o(i.HAL_UART_Transmit)
    HAL_UART_TxCpltCallback                  0x08003ed9   Thumb Code     2  stm32f4xx_hal_uart.o(i.HAL_UART_TxCpltCallback)
    HardFault_Handler                        0x08003edb   Thumb Code     4  stm32f4xx_it.o(i.HardFault_Handler)
    LCD_Clear                                0x08003ee1   Thumb Code    42  lcd.o(i.LCD_Clear)
    LCD_Display_Dir                          0x08003f15   Thumb Code   298  lcd.o(i.LCD_Display_Dir)
    LCD_DrawLine                             0x08004045   Thumb Code   176  lcd.o(i.LCD_DrawLine)
    LCD_DrawPoint                            0x080040f5   Thumb Code    28  lcd.o(i.LCD_DrawPoint)
    LCD_DrawPoint_angle                      0x08004119   Thumb Code   330  lcd.o(i.LCD_DrawPoint_angle)
    LCD_Draw_Circle                          0x08004285   Thumb Code   152  lcd.o(i.LCD_Draw_Circle)
    LCD_Fast_DrawPoint                       0x0800431d   Thumb Code   232  lcd.o(i.LCD_Fast_DrawPoint)
    LCD_Init                                 0x0800440d   Thumb Code  9732  lcd.o(i.LCD_Init)
    LCD_RD_DATA                              0x08006a1d   Thumb Code    14  lcd.o(i.LCD_RD_DATA)
    LCD_SSD_BackLightSet                     0x08006a31   Thumb Code    88  lcd.o(i.LCD_SSD_BackLightSet)
    LCD_Scan_Dir                             0x08006a91   Thumb Code   560  lcd.o(i.LCD_Scan_Dir)
    LCD_SetCursor                            0x08006cc5   Thumb Code   282  lcd.o(i.LCD_SetCursor)
    LCD_ShowChar                             0x08006de5   Thumb Code   288  lcd.o(i.LCD_ShowChar)
    LCD_ShowString                           0x08006f21   Thumb Code   102  lcd.o(i.LCD_ShowString)
    LCD_WR_DATA                              0x08006f89   Thumb Code    18  lcd.o(i.LCD_WR_DATA)
    LCD_WR_REG                               0x08006fa1   Thumb Code    18  lcd.o(i.LCD_WR_REG)
    LCD_WriteRAM_Prepare                     0x08006fb9   Thumb Code    10  lcd.o(i.LCD_WriteRAM_Prepare)
    LCD_WriteReg                             0x08006fcd   Thumb Code    10  lcd.o(i.LCD_WriteReg)
    MX_DMA_Init                              0x08006fdd   Thumb Code    98  dma.o(i.MX_DMA_Init)
    MX_FSMC_Init                             0x08007045   Thumb Code   156  fsmc.o(i.MX_FSMC_Init)
    MX_GPIO_Init                             0x080070e9   Thumb Code   328  gpio.o(i.MX_GPIO_Init)
    MX_TIM5_Init                             0x08007241   Thumb Code    98  tim.o(i.MX_TIM5_Init)
    MX_USART1_UART_Init                      0x080072ad   Thumb Code    46  usart.o(i.MX_USART1_UART_Init)
    MX_USART3_UART_Init                      0x080072e5   Thumb Code    46  usart.o(i.MX_USART3_UART_Init)
    MemManage_Handler                        0x0800731d   Thumb Code     4  stm32f4xx_it.o(i.MemManage_Handler)
    NMI_Handler                              0x08007321   Thumb Code     4  stm32f4xx_it.o(i.NMI_Handler)
    PendSV_Handler                           0x08007325   Thumb Code     2  stm32f4xx_it.o(i.PendSV_Handler)
    SVC_Handler                              0x08007327   Thumb Code     2  stm32f4xx_it.o(i.SVC_Handler)
    SysTick_Handler                          0x08007329   Thumb Code     8  stm32f4xx_it.o(i.SysTick_Handler)
    SystemClock_Config                       0x08007331   Thumb Code   170  main.o(i.SystemClock_Config)
    SystemInit                               0x080073e5   Thumb Code    14  system_stm32f4xx.o(i.SystemInit)
    TIM_Base_SetConfig                       0x080073f9   Thumb Code   170  stm32f4xx_hal_tim.o(i.TIM_Base_SetConfig)
    TIM_ETR_SetConfig                        0x080074d1   Thumb Code    22  stm32f4xx_hal_tim.o(i.TIM_ETR_SetConfig)
    UART_Start_Receive_DMA                   0x08007a51   Thumb Code   196  stm32f4xx_hal_uart.o(i.UART_Start_Receive_DMA)
    USART1_IRQHandler                        0x08007c15   Thumb Code    74  stm32f4xx_it.o(i.USART1_IRQHandler)
    USART3_IRQHandler                        0x08007c65   Thumb Code    10  stm32f4xx_it.o(i.USART3_IRQHandler)
    UsageFault_Handler                       0x08007c75   Thumb Code     4  stm32f4xx_it.o(i.UsageFault_Handler)
    __ARM_fpclassify                         0x08007c79   Thumb Code    48  fpclassify.o(i.__ARM_fpclassify)
    __hardfp___mathlib_tofloat               0x08007ce1   Thumb Code   232  narrow.o(i.__hardfp___mathlib_tofloat)
    __hardfp_atof                            0x08007dd9   Thumb Code    44  atof.o(i.__hardfp_atof)
    __hardfp_cos                             0x08007e11   Thumb Code   180  cos.o(i.__hardfp_cos)
    __hardfp_fabs                            0x08007ed9   Thumb Code    20  fabs.o(i.__hardfp_fabs)
    __hardfp_ldexp                           0x08007ef1   Thumb Code   200  ldexp.o(i.__hardfp_ldexp)
    __hardfp_sin                             0x08007fc1   Thumb Code   180  sin.o(i.__hardfp_sin)
    __hardfp_sqrt                            0x08008089   Thumb Code   122  sqrt.o(i.__hardfp_sqrt)
    __ieee754_rem_pio2                       0x08008109   Thumb Code   938  rred.o(i.__ieee754_rem_pio2)
    __kernel_cos                             0x08008541   Thumb Code   322  cos_i.o(i.__kernel_cos)
    __kernel_poly                            0x080086b1   Thumb Code   248  poly.o(i.__kernel_poly)
    __kernel_sin                             0x080087a9   Thumb Code   280  sin_i.o(i.__kernel_sin)
    __mathlib_dbl_infnan                     0x080088d9   Thumb Code    20  dunder.o(i.__mathlib_dbl_infnan)
    __mathlib_dbl_invalid                    0x080088f1   Thumb Code    24  dunder.o(i.__mathlib_dbl_invalid)
    __mathlib_dbl_overflow                   0x08008911   Thumb Code    24  dunder.o(i.__mathlib_dbl_overflow)
    __mathlib_dbl_underflow                  0x08008931   Thumb Code    24  dunder.o(i.__mathlib_dbl_underflow)
    __mathlib_narrow                         0x08008951   Thumb Code    18  narrow.o(i.__mathlib_narrow)
    __support_ldexp                          0x08008963   Thumb Code    20  ldexp.o(i.__support_ldexp)
    _is_digit                                0x08008977   Thumb Code    14  __printf_wp.o(i._is_digit)
    beep_off                                 0x08008985   Thumb Code    14  main.o(i.beep_off)
    beep_on                                  0x08008999   Thumb Code    14  main.o(i.beep_on)
    delay_us                                 0x080089ad   Thumb Code    38  vdelay.o(i.delay_us)
    duoji_runto_zero                         0x080089d9   Thumb Code    48  duoji.o(i.duoji_runto_zero)
    fabs                                     0x08008a0d   Thumb Code    24  fabs.o(i.fabs)
    fanzhuan                                 0x08008a25   Thumb Code    38  duoji.o(i.fanzhuan)
    frexp                                    0x08008a91   Thumb Code   118  frexp.o(i.frexp)
    key_scan                                 0x08008b1d   Thumb Code   160  main.o(i.key_scan)
    laser_dma_open                           0x08008bc5   Thumb Code    56  laser.o(i.laser_dma_open)
    laser_init                               0x08008c05   Thumb Code   250  laser.o(i.laser_init)
    laser_receive                            0x08008d09   Thumb Code   202  laser.o(i.laser_receive)
    main                                     0x08008de9   Thumb Code   200  main.o(i.main)
    real_time_angle                          0x08008ed1   Thumb Code   118  duoji.o(i.real_time_angle)
    scan_init                                0x08008f5d   Thumb Code    12  main.o(i.scan_init)
    step1_handle_msg                         0x08008f6d   Thumb Code   484  main.o(i.step1_handle_msg)
    step4_handle_msg                         0x08009211   Thumb Code   298  main.o(i.step4_handle_msg)
    test1                                    0x08009355   Thumb Code   274  main.o(i.test1)
    test2                                    0x080094ad   Thumb Code   756  main.o(i.test2)
    test3                                    0x08009815   Thumb Code   380  main.o(i.test3)
    test3_calc_shortest                      0x08009a11   Thumb Code   388  main.o(i.test3_calc_shortest)
    test4                                    0x08009bb5   Thumb Code   336  main.o(i.test4)
    vqueue_init                              0x08009d3d   Thumb Code    44  vqueue.o(i.vqueue_init)
    vqueue_pop                               0x08009d69   Thumb Code    60  vqueue.o(i.vqueue_pop)
    vqueue_push                              0x08009da5   Thumb Code    64  vqueue.o(i.vqueue_push)
    vwm_exec                                 0x08009de5   Thumb Code    50  vmsgexec.o(i.vwm_exec)
    vwm_init                                 0x08009e21   Thumb Code    26  vmsgexec.o(i.vwm_init)
    vwm_sendmessage                          0x08009e41   Thumb Code    46  vmsgexec.o(i.vwm_sendmessage)
    zhengzhuan                               0x08009e75   Thumb Code    38  duoji.o(i.zhengzhuan)
    _get_lc_numeric                          0x08009ee1   Thumb Code    44  lc_numeric_c.o(locale$$code)
    _get_lc_ctype                            0x08009f0d   Thumb Code    44  lc_ctype_c.o(locale$$code)
    __aeabi_dneg                             0x08009f39   Thumb Code     0  basic.o(x$fpl$basic)
    _dneg                                    0x08009f39   Thumb Code     6  basic.o(x$fpl$basic)
    __aeabi_fneg                             0x08009f3f   Thumb Code     0  basic.o(x$fpl$basic)
    _fneg                                    0x08009f3f   Thumb Code     6  basic.o(x$fpl$basic)
    _dabs                                    0x08009f45   Thumb Code     6  basic.o(x$fpl$basic)
    _fabs                                    0x08009f4b   Thumb Code     6  basic.o(x$fpl$basic)
    __aeabi_d2f                              0x08009f51   Thumb Code     0  d2f.o(x$fpl$d2f)
    _d2f                                     0x08009f51   Thumb Code    98  d2f.o(x$fpl$d2f)
    __aeabi_dadd                             0x08009fb5   Thumb Code     0  daddsub_clz.o(x$fpl$dadd)
    _dadd                                    0x08009fb5   Thumb Code   332  daddsub_clz.o(x$fpl$dadd)
    __fpl_dcheck_NaN1                        0x0800a105   Thumb Code    10  dcheck1.o(x$fpl$dcheck1)
    __fpl_dcmp_Inf                           0x0800a115   Thumb Code    24  dcmpi.o(x$fpl$dcmpinf)
    __aeabi_ddiv                             0x0800a12d   Thumb Code     0  ddiv.o(x$fpl$ddiv)
    _ddiv                                    0x0800a12d   Thumb Code   552  ddiv.o(x$fpl$ddiv)
    __aeabi_cdcmpeq                          0x0800a3dd   Thumb Code     0  deqf.o(x$fpl$deqf)
    _dcmpeq                                  0x0800a3dd   Thumb Code   120  deqf.o(x$fpl$deqf)
    __aeabi_d2iz                             0x0800a455   Thumb Code     0  dfix.o(x$fpl$dfix)
    _dfix                                    0x0800a455   Thumb Code    94  dfix.o(x$fpl$dfix)
    __aeabi_d2uiz                            0x0800a4b5   Thumb Code     0  dfixu.o(x$fpl$dfixu)
    _dfixu                                   0x0800a4b5   Thumb Code    90  dfixu.o(x$fpl$dfixu)
    __aeabi_i2d                              0x0800a50f   Thumb Code     0  dflt_clz.o(x$fpl$dflt)
    _dflt                                    0x0800a50f   Thumb Code    46  dflt_clz.o(x$fpl$dflt)
    __aeabi_ui2d                             0x0800a53d   Thumb Code     0  dflt_clz.o(x$fpl$dfltu)
    _dfltu                                   0x0800a53d   Thumb Code    38  dflt_clz.o(x$fpl$dfltu)
    __aeabi_cdcmple                          0x0800a565   Thumb Code     0  dleqf.o(x$fpl$dleqf)
    _dcmple                                  0x0800a565   Thumb Code   120  dleqf.o(x$fpl$dleqf)
    __fpl_dcmple_InfNaN                      0x0800a5c7   Thumb Code     0  dleqf.o(x$fpl$dleqf)
    __aeabi_dmul                             0x0800a5dd   Thumb Code     0  dmul.o(x$fpl$dmul)
    _dmul                                    0x0800a5dd   Thumb Code   332  dmul.o(x$fpl$dmul)
    __fpl_dnaninf                            0x0800a731   Thumb Code   156  dnaninf.o(x$fpl$dnaninf)
    __fpl_dretinf                            0x0800a7cd   Thumb Code    12  dretinf.o(x$fpl$dretinf)
    __aeabi_cdrcmple                         0x0800a7d9   Thumb Code     0  drleqf.o(x$fpl$drleqf)
    _drcmple                                 0x0800a7d9   Thumb Code   108  drleqf.o(x$fpl$drleqf)
    __aeabi_drsub                            0x0800a845   Thumb Code     0  daddsub_clz.o(x$fpl$drsb)
    _drsb                                    0x0800a845   Thumb Code    22  daddsub_clz.o(x$fpl$drsb)
    _dsqrt                                   0x0800a85d   Thumb Code   404  dsqrt_umaal.o(x$fpl$dsqrt)
    __aeabi_dsub                             0x0800a9f5   Thumb Code     0  daddsub_clz.o(x$fpl$dsub)
    _dsub                                    0x0800a9f5   Thumb Code   464  daddsub_clz.o(x$fpl$dsub)
    __aeabi_f2d                              0x0800abc9   Thumb Code     0  f2d.o(x$fpl$f2d)
    _f2d                                     0x0800abc9   Thumb Code    86  f2d.o(x$fpl$f2d)
    __fpl_fnaninf                            0x0800ac1f   Thumb Code   140  fnaninf.o(x$fpl$fnaninf)
    _fp_init                                 0x0800acab   Thumb Code    10  fpinit.o(x$fpl$fpinit)
    __fplib_config_fpu_vfp                   0x0800acb3   Thumb Code     0  fpinit.o(x$fpl$fpinit)
    __fplib_config_pureend_doubles           0x0800acb3   Thumb Code     0  fpinit.o(x$fpl$fpinit)
    __fpl_fretinf                            0x0800acb5   Thumb Code    10  fretinf.o(x$fpl$fretinf)
    __ieee_status                            0x0800acbf   Thumb Code     6  istatus.o(x$fpl$ieeestatus)
    _printf_fp_dec                           0x0800acc5   Thumb Code     4  printf1.o(x$fpl$printf1)
    __fpl_return_NaN                         0x0800acc9   Thumb Code   100  retnan.o(x$fpl$retnan)
    __ARM_scalbn                             0x0800ad2d   Thumb Code    92  scalbn.o(x$fpl$scalbn)
    _scanf_real                              0x0800ad89   Thumb Code     4  scanf1.o(x$fpl$scanf1)
    _scanf_hex_real                          0x0800ad8d   Thumb Code     4  scanf2.o(x$fpl$scanf2)
    _scanf_infnan                            0x0800ad91   Thumb Code     4  scanf2.o(x$fpl$scanf2)
    __fpl_cmpreturn                          0x0800ad95   Thumb Code    48  trapv.o(x$fpl$trapveneer)
    __I$use$fp                               0x0800adc4   Number         0  usenofp.o(x$fpl$usenofp)
    AHBPrescTable                            0x0800adcc   Data          16  system_stm32f4xx.o(.constdata)
    APBPrescTable                            0x0800addc   Data           8  system_stm32f4xx.o(.constdata)
    asc2_1206                                0x0800ade4   Data        1140  lcd.o(.constdata)
    asc2_1608                                0x0800b258   Data        1520  lcd.o(.constdata)
    asc2_2412                                0x0800b848   Data        3420  lcd.o(.constdata)
    asc2_3216                                0x0800c5a4   Data       12160  lcd.o(.constdata)
    Region$$Table$$Base                      0x0800f6dc   Number         0  anon$$obj.o(Region$$Table)
    Region$$Table$$Limit                     0x0800f6fc   Number         0  anon$$obj.o(Region$$Table)
    __aeabi_HUGE_VAL                         0x0800f6fc   Data           0  fpconst.o(c$$dinf)
    __aeabi_HUGE_VALL                        0x0800f6fc   Data           0  fpconst.o(c$$dinf)
    __aeabi_INFINITY                         0x0800f6fc   Data           0  fpconst.o(c$$dinf)
    __dInf                                   0x0800f6fc   Data           0  fpconst.o(c$$dinf)
    __huge_val                               0x0800f6fc   Data           0  fpconst.o(c$$dinf)
    __dbl_max                                0x0800f704   Data           0  fpconst.o(c$$dmax)
    __ctype                                  0x0800f735   Data           0  lc_ctype_c.o(locale$$data)
    nom_find_status                          0x20000000   Data           1  main.o(.data)
    nom_way_to_go                            0x20000001   Data           1  main.o(.data)
    way_flag                                 0x20000002   Data           1  main.o(.data)
    test4_delay_time                         0x20000003   Data           1  main.o(.data)
    uwTick                                   0x2000000c   Data           4  stm32f4xx_hal.o(.data)
    uwTickPrio                               0x20000010   Data           4  stm32f4xx_hal.o(.data)
    uwTickFreq                               0x20000014   Data           1  stm32f4xx_hal.o(.data)
    SystemCoreClock                          0x20000018   Data           4  system_stm32f4xx.o(.data)
    POINT_COLOR                              0x20000024   Data           4  lcd.o(.data)
    BACK_COLOR                               0x20000028   Data           4  lcd.o(.data)
    realtime_pulse_count                     0x2000002c   Data           4  duoji.o(.data)
    u_buf                                    0x20000030   Data         256  main.o(.bss)
    scan_object                              0x20000130   Data          64  main.o(.bss)
    scan_find_object                         0x20000170   Data          32  main.o(.bss)
    task3                                    0x20000190   Data          12  main.o(.bss)
    hsram1                                   0x2000019c   Data          80  fsmc.o(.bss)
    htim5                                    0x200001ec   Data          72  tim.o(.bss)
    huart1                                   0x20000234   Data          68  usart.o(.bss)
    huart3                                   0x20000278   Data          68  usart.o(.bss)
    hdma_usart1_rx                           0x200002bc   Data          96  usart.o(.bss)
    hdma_usart3_rx                           0x2000031c   Data          96  usart.o(.bss)
    g_laser                                  0x2000037c   Data          40  laser.o(.bss)
    TFTSRAM_Handler                          0x200003a4   Data          80  lcd.o(.bss)
    lcddev                                   0x200003f4   Data          14  lcd.o(.bss)
    g_wm                                     0x20000404   Data        1228  vmsgexec.o(.bss)
    __libspace_start                         0x200008d0   Data          96  libspace.o(.bss)
    __temporary_stack_top$libspace           0x20000930   Data           0  libspace.o(.bss)



==============================================================================

Memory Map of the image

  Image Entry point : 0x08000189

  Load Region LR_IROM1 (Base: 0x08000000, Size: 0x0000f868, Max: 0x00080000, ABSOLUTE)

    Execution Region ER_IROM1 (Base: 0x08000000, Size: 0x0000f838, Max: 0x00080000, ABSOLUTE)

    Base Addr    Size         Type   Attr      Idx    E Section Name        Object

    0x08000000   0x00000188   Data   RO            3    RESET               startup_stm32f407xx.o
    0x08000188   0x00000008   Code   RO         3982  * !!!main             c_w.l(__main.o)
    0x08000190   0x00000034   Code   RO         4415    !!!scatter          c_w.l(__scatter.o)
    0x080001c4   0x0000001a   Code   RO         4417    !!handler_copy      c_w.l(__scatter_copy.o)
    0x080001de   0x00000002   PAD
    0x080001e0   0x0000001c   Code   RO         4419    !!handler_zi        c_w.l(__scatter_zi.o)
    0x080001fc   0x00000000   Code   RO         3973    .ARM.Collect$$_printf_percent$$00000000  c_w.l(_printf_percent.o)
    0x080001fc   0x00000006   Code   RO         3972    .ARM.Collect$$_printf_percent$$00000003  c_w.l(_printf_f.o)
    0x08000202   0x00000006   Code   RO         3971    .ARM.Collect$$_printf_percent$$00000009  c_w.l(_printf_d.o)
    0x08000208   0x00000004   Code   RO         4075    .ARM.Collect$$_printf_percent$$00000017  c_w.l(_printf_percent_end.o)
    0x0800020c   0x00000002   Code   RO         4224    .ARM.Collect$$libinit$$00000000  c_w.l(libinit.o)
    0x0800020e   0x00000004   Code   RO         4225    .ARM.Collect$$libinit$$00000001  c_w.l(libinit2.o)
    0x08000212   0x00000000   Code   RO         4228    .ARM.Collect$$libinit$$00000004  c_w.l(libinit2.o)
    0x08000212   0x00000000   Code   RO         4231    .ARM.Collect$$libinit$$0000000A  c_w.l(libinit2.o)
    0x08000212   0x00000000   Code   RO         4233    .ARM.Collect$$libinit$$0000000C  c_w.l(libinit2.o)
    0x08000212   0x00000000   Code   RO         4235    .ARM.Collect$$libinit$$0000000E  c_w.l(libinit2.o)
    0x08000212   0x00000006   Code   RO         4236    .ARM.Collect$$libinit$$0000000F  c_w.l(libinit2.o)
    0x08000218   0x00000000   Code   RO         4238    .ARM.Collect$$libinit$$00000011  c_w.l(libinit2.o)
    0x08000218   0x0000000c   Code   RO         4239    .ARM.Collect$$libinit$$00000012  c_w.l(libinit2.o)
    0x08000224   0x00000000   Code   RO         4240    .ARM.Collect$$libinit$$00000013  c_w.l(libinit2.o)
    0x08000224   0x00000000   Code   RO         4242    .ARM.Collect$$libinit$$00000015  c_w.l(libinit2.o)
    0x08000224   0x0000000a   Code   RO         4243    .ARM.Collect$$libinit$$00000016  c_w.l(libinit2.o)
    0x0800022e   0x00000000   Code   RO         4244    .ARM.Collect$$libinit$$00000017  c_w.l(libinit2.o)
    0x0800022e   0x00000000   Code   RO         4246    .ARM.Collect$$libinit$$00000019  c_w.l(libinit2.o)
    0x0800022e   0x00000000   Code   RO         4248    .ARM.Collect$$libinit$$0000001B  c_w.l(libinit2.o)
    0x0800022e   0x00000000   Code   RO         4250    .ARM.Collect$$libinit$$0000001D  c_w.l(libinit2.o)
    0x0800022e   0x00000000   Code   RO         4252    .ARM.Collect$$libinit$$0000001F  c_w.l(libinit2.o)
    0x0800022e   0x00000000   Code   RO         4254    .ARM.Collect$$libinit$$00000021  c_w.l(libinit2.o)
    0x0800022e   0x00000000   Code   RO         4256    .ARM.Collect$$libinit$$00000023  c_w.l(libinit2.o)
    0x0800022e   0x00000000   Code   RO         4258    .ARM.Collect$$libinit$$00000025  c_w.l(libinit2.o)
    0x0800022e   0x00000000   Code   RO         4262    .ARM.Collect$$libinit$$0000002C  c_w.l(libinit2.o)
    0x0800022e   0x00000000   Code   RO         4264    .ARM.Collect$$libinit$$0000002E  c_w.l(libinit2.o)
    0x0800022e   0x00000000   Code   RO         4266    .ARM.Collect$$libinit$$00000030  c_w.l(libinit2.o)
    0x0800022e   0x00000000   Code   RO         4268    .ARM.Collect$$libinit$$00000032  c_w.l(libinit2.o)
    0x0800022e   0x00000002   Code   RO         4269    .ARM.Collect$$libinit$$00000033  c_w.l(libinit2.o)
    0x08000230   0x00000002   Code   RO         4355    .ARM.Collect$$libshutdown$$00000000  c_w.l(libshutdown.o)
    0x08000232   0x00000000   Code   RO         4389    .ARM.Collect$$libshutdown$$00000002  c_w.l(libshutdown2.o)
    0x08000232   0x00000000   Code   RO         4391    .ARM.Collect$$libshutdown$$00000004  c_w.l(libshutdown2.o)
    0x08000232   0x00000000   Code   RO         4394    .ARM.Collect$$libshutdown$$00000007  c_w.l(libshutdown2.o)
    0x08000232   0x00000000   Code   RO         4397    .ARM.Collect$$libshutdown$$0000000A  c_w.l(libshutdown2.o)
    0x08000232   0x00000000   Code   RO         4399    .ARM.Collect$$libshutdown$$0000000C  c_w.l(libshutdown2.o)
    0x08000232   0x00000000   Code   RO         4402    .ARM.Collect$$libshutdown$$0000000F  c_w.l(libshutdown2.o)
    0x08000232   0x00000002   Code   RO         4403    .ARM.Collect$$libshutdown$$00000010  c_w.l(libshutdown2.o)
    0x08000234   0x00000000   Code   RO         4060    .ARM.Collect$$rtentry$$00000000  c_w.l(__rtentry.o)
    0x08000234   0x00000000   Code   RO         4124    .ARM.Collect$$rtentry$$00000002  c_w.l(__rtentry2.o)
    0x08000234   0x00000006   Code   RO         4136    .ARM.Collect$$rtentry$$00000004  c_w.l(__rtentry4.o)
    0x0800023a   0x00000000   Code   RO         4126    .ARM.Collect$$rtentry$$00000009  c_w.l(__rtentry2.o)
    0x0800023a   0x00000004   Code   RO         4127    .ARM.Collect$$rtentry$$0000000A  c_w.l(__rtentry2.o)
    0x0800023e   0x00000000   Code   RO         4129    .ARM.Collect$$rtentry$$0000000C  c_w.l(__rtentry2.o)
    0x0800023e   0x00000008   Code   RO         4130    .ARM.Collect$$rtentry$$0000000D  c_w.l(__rtentry2.o)
    0x08000246   0x00000002   Code   RO         4270    .ARM.Collect$$rtexit$$00000000  c_w.l(rtexit.o)
    0x08000248   0x00000000   Code   RO         4306    .ARM.Collect$$rtexit$$00000002  c_w.l(rtexit2.o)
    0x08000248   0x00000004   Code   RO         4307    .ARM.Collect$$rtexit$$00000003  c_w.l(rtexit2.o)
    0x0800024c   0x00000006   Code   RO         4308    .ARM.Collect$$rtexit$$00000004  c_w.l(rtexit2.o)
    0x08000252   0x00000002   PAD
    0x08000254   0x00000040   Code   RO            4    .text               startup_stm32f407xx.o
    0x08000294   0x000000ee   Code   RO         3941    .text               c_w.l(lludivv7m.o)
    0x08000382   0x00000002   PAD
    0x08000384   0x0000002c   Code   RO         3943    .text               c_w.l(__2sprintf.o)
    0x080003b0   0x00000078   Code   RO         3949    .text               c_w.l(_printf_dec.o)
    0x08000428   0x0000010e   Code   RO         3959    .text               c_w.l(__printf_wp.o)
    0x08000536   0x0000008a   Code   RO         3974    .text               c_w.l(rt_memcpy_v6.o)
    0x080005c0   0x00000044   Code   RO         3976    .text               c_w.l(rt_memclr.o)
    0x08000604   0x0000004e   Code   RO         3978    .text               c_w.l(rt_memclr_w.o)
    0x08000652   0x00000006   Code   RO         3980    .text               c_w.l(heapauxi.o)
    0x08000658   0x00000016   Code   RO         4065    .text               c_w.l(_rserrno.o)
    0x0800066e   0x000000b2   Code   RO         4067    .text               c_w.l(_printf_intcommon.o)
    0x08000720   0x0000041e   Code   RO         4069    .text               c_w.l(_printf_fp_dec.o)
    0x08000b3e   0x00000002   PAD
    0x08000b40   0x00000030   Code   RO         4071    .text               c_w.l(_printf_char_common.o)
    0x08000b70   0x0000000a   Code   RO         4073    .text               c_w.l(_sputc.o)
    0x08000b7a   0x00000002   PAD
    0x08000b7c   0x000000a4   Code   RO         4076    .text               c_w.l(strtod.o)
    0x08000c20   0x00000064   Code   RO         4078    .text               c_w.l(rt_memcpy_w.o)
    0x08000c84   0x00000008   Code   RO         4143    .text               c_w.l(rt_locale_intlibspace.o)
    0x08000c8c   0x00000008   Code   RO         4148    .text               c_w.l(rt_errno_addr_intlibspace.o)
    0x08000c94   0x0000008a   Code   RO         4150    .text               c_w.l(lludiv10.o)
    0x08000d1e   0x00000012   Code   RO         4152    .text               c_w.l(isspace.o)
    0x08000d30   0x00000080   Code   RO         4154    .text               c_w.l(_printf_fp_infnan.o)
    0x08000db0   0x00000040   Code   RO         4158    .text               c_w.l(_sgetc.o)
    0x08000df0   0x000000e4   Code   RO         4160    .text               c_w.l(bigflt0.o)
    0x08000ed4   0x00000008   Code   RO         4202    .text               c_w.l(libspace.o)
    0x08000edc   0x0000004a   Code   RO         4205    .text               c_w.l(sys_stackheap_outer.o)
    0x08000f26   0x00000002   PAD
    0x08000f28   0x00000010   Code   RO         4207    .text               c_w.l(rt_ctype_table.o)
    0x08000f38   0x000004f8   Code   RO         4209    .text               c_w.l(scanf_fp.o)
    0x08001430   0x00000012   Code   RO         4211    .text               c_w.l(exit.o)
    0x08001442   0x00000002   PAD
    0x08001444   0x00000080   Code   RO         4217    .text               c_w.l(strcmpv7m.o)
    0x080014c4   0x0000000c   Code   RO         4303    .text               c_w.l(sys_exit.o)
    0x080014d0   0x00000320   Code   RO         4312    .text               c_w.l(scanf_hexfp.o)
    0x080017f0   0x00000134   Code   RO         4314    .text               c_w.l(scanf_infnan.o)
    0x08001924   0x00000002   Code   RO         4338    .text               c_w.l(use_no_semi.o)
    0x08001926   0x00000000   Code   RO         4340    .text               c_w.l(indicate_semi.o)
    0x08001926   0x00000026   Code   RO         4343    .text               c_w.l(llshl.o)
    0x0800194c   0x0000001c   Code   RO         4345    .text               c_w.l(_chval.o)
    0x08001968   0x0000003e   Code   RO         4163    CL$$btod_d2e        c_w.l(btod.o)
    0x080019a6   0x00000046   Code   RO         4165    CL$$btod_d2e_denorm_low  c_w.l(btod.o)
    0x080019ec   0x00000060   Code   RO         4164    CL$$btod_d2e_norm_op1  c_w.l(btod.o)
    0x08001a4c   0x00000338   Code   RO         4173    CL$$btod_div_common  c_w.l(btod.o)
    0x08001d84   0x00000084   Code   RO         4171    CL$$btod_e2d        c_w.l(btod.o)
    0x08001e08   0x000000dc   Code   RO         4170    CL$$btod_e2e        c_w.l(btod.o)
    0x08001ee4   0x0000002a   Code   RO         4167    CL$$btod_ediv       c_w.l(btod.o)
    0x08001f0e   0x0000002a   Code   RO         4169    CL$$btod_edivd      c_w.l(btod.o)
    0x08001f38   0x0000002a   Code   RO         4166    CL$$btod_emul       c_w.l(btod.o)
    0x08001f62   0x0000002a   Code   RO         4168    CL$$btod_emuld      c_w.l(btod.o)
    0x08001f8c   0x00000244   Code   RO         4172    CL$$btod_mult_common  c_w.l(btod.o)
    0x080021d0   0x00000004   Code   RO          466    i.BusFault_Handler  stm32f4xx_it.o
    0x080021d4   0x00000010   Code   RO          467    i.DMA1_Stream1_IRQHandler  stm32f4xx_it.o
    0x080021e4   0x00000010   Code   RO          468    i.DMA2_Stream2_IRQHandler  stm32f4xx_it.o
    0x080021f4   0x00000034   Code   RO         1223    i.DMA_CalcBaseAndBitshift  stm32f4xx_hal_dma.o
    0x08002228   0x000000aa   Code   RO         1224    i.DMA_CheckFifoParam  stm32f4xx_hal_dma.o
    0x080022d2   0x0000002c   Code   RO         1225    i.DMA_SetConfig     stm32f4xx_hal_dma.o
    0x080022fe   0x00000002   Code   RO          469    i.DebugMon_Handler  stm32f4xx_it.o
    0x08002300   0x00000006   Code   RO           13    i.Error_Handler     main.o
    0x08002306   0x00000002   PAD
    0x08002308   0x00000044   Code   RO          601    i.FSMC_NORSRAM_Extended_Timing_Init  stm32f4xx_ll_fsmc.o
    0x0800234c   0x00000078   Code   RO          602    i.FSMC_NORSRAM_Init  stm32f4xx_ll_fsmc.o
    0x080023c4   0x00000042   Code   RO          603    i.FSMC_NORSRAM_Timing_Init  stm32f4xx_ll_fsmc.o
    0x08002406   0x000000ac   Code   RO         1226    i.HAL_DMA_Abort     stm32f4xx_hal_dma.o
    0x080024b2   0x00000028   Code   RO         1227    i.HAL_DMA_Abort_IT  stm32f4xx_hal_dma.o
    0x080024da   0x00000002   PAD
    0x080024dc   0x00000240   Code   RO         1231    i.HAL_DMA_IRQHandler  stm32f4xx_hal_dma.o
    0x0800271c   0x000000ec   Code   RO         1232    i.HAL_DMA_Init      stm32f4xx_hal_dma.o
    0x08002808   0x00000092   Code   RO         1236    i.HAL_DMA_Start_IT  stm32f4xx_hal_dma.o
    0x0800289a   0x00000002   PAD
    0x0800289c   0x00000028   Code   RO         1650    i.HAL_Delay         stm32f4xx_hal.o
    0x080028c4   0x0000008c   Code   RO          324    i.HAL_FSMC_MspInit  fsmc.o
    0x08002950   0x000001f4   Code   RO         1119    i.HAL_GPIO_Init     stm32f4xx_hal_gpio.o
    0x08002b44   0x00000010   Code   RO         1121    i.HAL_GPIO_ReadPin  stm32f4xx_hal_gpio.o
    0x08002b54   0x0000000c   Code   RO         1123    i.HAL_GPIO_WritePin  stm32f4xx_hal_gpio.o
    0x08002b60   0x0000000c   Code   RO         1656    i.HAL_GetTick       stm32f4xx_hal.o
    0x08002b6c   0x00000018   Code   RO         1662    i.HAL_IncTick       stm32f4xx_hal.o
    0x08002b84   0x0000003c   Code   RO         1663    i.HAL_Init          stm32f4xx_hal.o
    0x08002bc0   0x0000004c   Code   RO         1664    i.HAL_InitTick      stm32f4xx_hal.o
    0x08002c0c   0x00000048   Code   RO          569    i.HAL_MspInit       stm32f4xx_hal_msp.o
    0x08002c54   0x00000044   Code   RO         1507    i.HAL_NVIC_DisableIRQ  stm32f4xx_hal_cortex.o
    0x08002c98   0x00000020   Code   RO         1508    i.HAL_NVIC_EnableIRQ  stm32f4xx_hal_cortex.o
    0x08002cb8   0x0000007c   Code   RO         1514    i.HAL_NVIC_SetPriority  stm32f4xx_hal_cortex.o
    0x08002d34   0x00000028   Code   RO         1515    i.HAL_NVIC_SetPriorityGrouping  stm32f4xx_hal_cortex.o
    0x08002d5c   0x00000184   Code   RO          720    i.HAL_RCC_ClockConfig  stm32f4xx_hal_rcc.o
    0x08002ee0   0x0000000c   Code   RO          725    i.HAL_RCC_GetHCLKFreq  stm32f4xx_hal_rcc.o
    0x08002eec   0x00000020   Code   RO          727    i.HAL_RCC_GetPCLK1Freq  stm32f4xx_hal_rcc.o
    0x08002f0c   0x00000020   Code   RO          728    i.HAL_RCC_GetPCLK2Freq  stm32f4xx_hal_rcc.o
    0x08002f2c   0x000000b0   Code   RO          729    i.HAL_RCC_GetSysClockFreq  stm32f4xx_hal_rcc.o
    0x08002fdc   0x0000049c   Code   RO          732    i.HAL_RCC_OscConfig  stm32f4xx_hal_rcc.o
    0x08003478   0x0000005e   Code   RO         1905    i.HAL_SRAM_Init     stm32f4xx_hal_sram.o
    0x080034d6   0x0000000a   Code   RO          326    i.HAL_SRAM_MspInit  fsmc.o
    0x080034e0   0x00000034   Code   RO         1519    i.HAL_SYSTICK_Config  stm32f4xx_hal_cortex.o
    0x08003514   0x000000b4   Code   RO         2772    i.HAL_TIMEx_MasterConfigSynchronization  stm32f4xx_hal_tim_ex.o
    0x080035c8   0x00000066   Code   RO         2038    i.HAL_TIM_Base_Init  stm32f4xx_hal_tim.o
    0x0800362e   0x00000002   PAD
    0x08003630   0x00000034   Code   RO          377    i.HAL_TIM_Base_MspInit  tim.o
    0x08003664   0x0000009c   Code   RO         2041    i.HAL_TIM_Base_Start  stm32f4xx_hal_tim.o
    0x08003700   0x00000032   Code   RO         2044    i.HAL_TIM_Base_Stop  stm32f4xx_hal_tim.o
    0x08003732   0x0000010c   Code   RO         2047    i.HAL_TIM_ConfigClockSource  stm32f4xx_hal_tim.o
    0x0800383e   0x00000002   Code   RO         3031    i.HAL_UARTEx_RxEventCallback  stm32f4xx_hal_uart.o
    0x08003840   0x0000008a   Code   RO         3043    i.HAL_UART_DMAStop  stm32f4xx_hal_uart.o
    0x080038ca   0x00000002   Code   RO         3045    i.HAL_UART_ErrorCallback  stm32f4xx_hal_uart.o
    0x080038cc   0x000002e0   Code   RO         3048    i.HAL_UART_IRQHandler  stm32f4xx_hal_uart.o
    0x08003bac   0x00000072   Code   RO         3049    i.HAL_UART_Init     stm32f4xx_hal_uart.o
    0x08003c1e   0x00000002   PAD
    0x08003c20   0x000001a0   Code   RO          419    i.HAL_UART_MspInit  usart.o
    0x08003dc0   0x00000042   Code   RO         3053    i.HAL_UART_Receive_DMA  stm32f4xx_hal_uart.o
    0x08003e02   0x00000002   Code   RO         3055    i.HAL_UART_RxCpltCallback  stm32f4xx_hal_uart.o
    0x08003e04   0x00000002   Code   RO         3056    i.HAL_UART_RxHalfCpltCallback  stm32f4xx_hal_uart.o
    0x08003e06   0x000000d2   Code   RO         3057    i.HAL_UART_Transmit  stm32f4xx_hal_uart.o
    0x08003ed8   0x00000002   Code   RO         3060    i.HAL_UART_TxCpltCallback  stm32f4xx_hal_uart.o
    0x08003eda   0x00000004   Code   RO          470    i.HardFault_Handler  stm32f4xx_it.o
    0x08003ede   0x00000002   PAD
    0x08003ee0   0x00000034   Code   RO         3487    i.LCD_Clear         lcd.o
    0x08003f14   0x00000130   Code   RO         3491    i.LCD_Display_Dir   lcd.o
    0x08004044   0x000000b0   Code   RO         3492    i.LCD_DrawLine      lcd.o
    0x080040f4   0x00000024   Code   RO         3494    i.LCD_DrawPoint     lcd.o
    0x08004118   0x0000016c   Code   RO         3495    i.LCD_DrawPoint_angle  lcd.o
    0x08004284   0x00000098   Code   RO         3497    i.LCD_Draw_Circle   lcd.o
    0x0800431c   0x000000f0   Code   RO         3498    i.LCD_Fast_DrawPoint  lcd.o
    0x0800440c   0x00002610   Code   RO         3500    i.LCD_Init          lcd.o
    0x08006a1c   0x00000014   Code   RO         3502    i.LCD_RD_DATA       lcd.o
    0x08006a30   0x00000060   Code   RO         3505    i.LCD_SSD_BackLightSet  lcd.o
    0x08006a90   0x00000234   Code   RO         3506    i.LCD_Scan_Dir      lcd.o
    0x08006cc4   0x00000120   Code   RO         3507    i.LCD_SetCursor     lcd.o
    0x08006de4   0x0000013c   Code   RO         3509    i.LCD_ShowChar      lcd.o
    0x08006f20   0x00000066   Code   RO         3511    i.LCD_ShowString    lcd.o
    0x08006f86   0x00000002   PAD
    0x08006f88   0x00000018   Code   RO         3513    i.LCD_WR_DATA       lcd.o
    0x08006fa0   0x00000018   Code   RO         3514    i.LCD_WR_REG        lcd.o
    0x08006fb8   0x00000014   Code   RO         3516    i.LCD_WriteRAM_Prepare  lcd.o
    0x08006fcc   0x00000010   Code   RO         3517    i.LCD_WriteReg      lcd.o
    0x08006fdc   0x00000068   Code   RO          299    i.MX_DMA_Init       dma.o
    0x08007044   0x000000a4   Code   RO          327    i.MX_FSMC_Init      fsmc.o
    0x080070e8   0x00000158   Code   RO          275    i.MX_GPIO_Init      gpio.o
    0x08007240   0x0000006c   Code   RO          378    i.MX_TIM5_Init      tim.o
    0x080072ac   0x00000038   Code   RO          420    i.MX_USART1_UART_Init  usart.o
    0x080072e4   0x00000038   Code   RO          421    i.MX_USART3_UART_Init  usart.o
    0x0800731c   0x00000004   Code   RO          471    i.MemManage_Handler  stm32f4xx_it.o
    0x08007320   0x00000004   Code   RO          472    i.NMI_Handler       stm32f4xx_it.o
    0x08007324   0x00000002   Code   RO          473    i.PendSV_Handler    stm32f4xx_it.o
    0x08007326   0x00000002   Code   RO          474    i.SVC_Handler       stm32f4xx_it.o
    0x08007328   0x00000008   Code   RO          475    i.SysTick_Handler   stm32f4xx_it.o
    0x08007330   0x000000b4   Code   RO           14    i.SystemClock_Config  main.o
    0x080073e4   0x00000014   Code   RO         3388    i.SystemInit        system_stm32f4xx.o
    0x080073f8   0x000000d8   Code   RO         2131    i.TIM_Base_SetConfig  stm32f4xx_hal_tim.o
    0x080074d0   0x00000016   Code   RO         2142    i.TIM_ETR_SetConfig  stm32f4xx_hal_tim.o
    0x080074e6   0x00000012   Code   RO         2143    i.TIM_ITRx_SetConfig  stm32f4xx_hal_tim.o
    0x080074f8   0x00000026   Code   RO         2149    i.TIM_TI1_ConfigInputStage  stm32f4xx_hal_tim.o
    0x0800751e   0x00000028   Code   RO         2151    i.TIM_TI2_ConfigInputStage  stm32f4xx_hal_tim.o
    0x08007546   0x00000014   Code   RO         3062    i.UART_DMAAbortOnError  stm32f4xx_hal_uart.o
    0x0800755a   0x00000050   Code   RO         3063    i.UART_DMAError     stm32f4xx_hal_uart.o
    0x080075aa   0x000000b0   Code   RO         3064    i.UART_DMAReceiveCplt  stm32f4xx_hal_uart.o
    0x0800765a   0x00000020   Code   RO         3066    i.UART_DMARxHalfCplt  stm32f4xx_hal_uart.o
    0x0800767a   0x0000006c   Code   RO         3072    i.UART_EndRxTransfer  stm32f4xx_hal_uart.o
    0x080076e6   0x00000020   Code   RO         3073    i.UART_EndTransmit_IT  stm32f4xx_hal_uart.o
    0x08007706   0x00000026   Code   RO         3074    i.UART_EndTxTransfer  stm32f4xx_hal_uart.o
    0x0800772c   0x000000f8   Code   RO         3075    i.UART_Receive_IT   stm32f4xx_hal_uart.o
    0x08007824   0x0000022c   Code   RO         3076    i.UART_SetConfig    stm32f4xx_hal_uart.o
    0x08007a50   0x000000d0   Code   RO         3077    i.UART_Start_Receive_DMA  stm32f4xx_hal_uart.o
    0x08007b20   0x00000060   Code   RO         3079    i.UART_Transmit_IT  stm32f4xx_hal_uart.o
    0x08007b80   0x00000092   Code   RO         3080    i.UART_WaitOnFlagUntilTimeout  stm32f4xx_hal_uart.o
    0x08007c12   0x00000002   PAD
    0x08007c14   0x00000050   Code   RO          476    i.USART1_IRQHandler  stm32f4xx_it.o
    0x08007c64   0x00000010   Code   RO          477    i.USART3_IRQHandler  stm32f4xx_it.o
    0x08007c74   0x00000004   Code   RO          478    i.UsageFault_Handler  stm32f4xx_it.o
    0x08007c78   0x00000030   Code   RO         4198    i.__ARM_fpclassify  m_wm.l(fpclassify.o)
    0x08007ca8   0x00000010   Code   RO         1521    i.__NVIC_GetPriorityGrouping  stm32f4xx_hal_cortex.o
    0x08007cb8   0x00000028   Code   RO         1522    i.__NVIC_SetPriority  stm32f4xx_hal_cortex.o
    0x08007ce0   0x000000f8   Code   RO         4295    i.__hardfp___mathlib_tofloat  m_wm.l(narrow.o)
    0x08007dd8   0x00000038   Code   RO         4012    i.__hardfp_atof     m_wm.l(atof.o)
    0x08007e10   0x000000c8   Code   RO         4018    i.__hardfp_cos      m_wm.l(cos.o)
    0x08007ed8   0x00000014   Code   RO         4030    i.__hardfp_fabs     m_wm.l(fabs.o)
    0x08007eec   0x00000004   PAD
    0x08007ef0   0x000000d0   Code   RO         4356    i.__hardfp_ldexp    m_wm.l(ldexp.o)
    0x08007fc0   0x000000c8   Code   RO         4036    i.__hardfp_sin      m_wm.l(sin.o)
    0x08008088   0x0000007a   Code   RO         4048    i.__hardfp_sqrt     m_wm.l(sqrt.o)
    0x08008102   0x00000006   PAD
    0x08008108   0x00000438   Code   RO         4112    i.__ieee754_rem_pio2  m_wm.l(rred.o)
    0x08008540   0x00000170   Code   RO         4095    i.__kernel_cos      m_wm.l(cos_i.o)
    0x080086b0   0x000000f8   Code   RO         4200    i.__kernel_poly     m_wm.l(poly.o)
    0x080087a8   0x00000130   Code   RO         4117    i.__kernel_sin      m_wm.l(sin_i.o)
    0x080088d8   0x00000014   Code   RO         4099    i.__mathlib_dbl_infnan  m_wm.l(dunder.o)
    0x080088ec   0x00000004   PAD
    0x080088f0   0x00000020   Code   RO         4101    i.__mathlib_dbl_invalid  m_wm.l(dunder.o)
    0x08008910   0x00000020   Code   RO         4102    i.__mathlib_dbl_overflow  m_wm.l(dunder.o)
    0x08008930   0x00000020   Code   RO         4104    i.__mathlib_dbl_underflow  m_wm.l(dunder.o)
    0x08008950   0x00000012   Code   RO         4296    i.__mathlib_narrow  m_wm.l(narrow.o)
    0x08008962   0x00000014   Code   RO         4358    i.__support_ldexp   m_wm.l(ldexp.o)
    0x08008976   0x0000000e   Code   RO         3961    i._is_digit         c_w.l(__printf_wp.o)
    0x08008984   0x00000014   Code   RO           15    i.beep_off          main.o
    0x08008998   0x00000014   Code   RO           16    i.beep_on           main.o
    0x080089ac   0x0000002c   Code   RO         3886    i.delay_us          vdelay.o
    0x080089d8   0x00000034   Code   RO         3718    i.duoji_runto_zero  duoji.o
    0x08008a0c   0x00000018   Code   RO         4032    i.fabs              m_wm.l(fabs.o)
    0x08008a24   0x0000002c   Code   RO         3719    i.fanzhuan          duoji.o
    0x08008a50   0x00000040   Code   RO         3720    i.fanzhuan_api      duoji.o
    0x08008a90   0x0000008c   Code   RO         4330    i.frexp             m_wm.l(frexp.o)
    0x08008b1c   0x000000a8   Code   RO           17    i.key_scan          main.o
    0x08008bc4   0x00000040   Code   RO         3426    i.laser_dma_open    laser.o
    0x08008c04   0x00000104   Code   RO         3427    i.laser_init        laser.o
    0x08008d08   0x000000e0   Code   RO         3428    i.laser_receive     laser.o
    0x08008de8   0x000000e8   Code   RO           18    i.main              main.o
    0x08008ed0   0x0000008c   Code   RO         3721    i.real_time_angle   duoji.o
    0x08008f5c   0x00000010   Code   RO           19    i.scan_init         main.o
    0x08008f6c   0x000002a4   Code   RO           20    i.step1_handle_msg  main.o
    0x08009210   0x00000144   Code   RO           21    i.step4_handle_msg  main.o
    0x08009354   0x00000158   Code   RO           22    i.test1             main.o
    0x080094ac   0x00000368   Code   RO           23    i.test2             main.o
    0x08009814   0x000001fc   Code   RO           24    i.test3             main.o
    0x08009a10   0x000001a4   Code   RO           25    i.test3_calc_shortest  main.o
    0x08009bb4   0x00000188   Code   RO           26    i.test4             main.o
    0x08009d3c   0x0000002c   Code   RO         3833    i.vqueue_init       vqueue.o
    0x08009d68   0x0000003c   Code   RO         3834    i.vqueue_pop        vqueue.o
    0x08009da4   0x00000040   Code   RO         3835    i.vqueue_push       vqueue.o
    0x08009de4   0x0000003c   Code   RO         3786    i.vwm_exec          vmsgexec.o
    0x08009e20   0x00000020   Code   RO         3787    i.vwm_init          vmsgexec.o
    0x08009e40   0x00000034   Code   RO         3788    i.vwm_sendmessage   vmsgexec.o
    0x08009e74   0x0000002c   Code   RO         3722    i.zhengzhuan        duoji.o
    0x08009ea0   0x00000040   Code   RO         3723    i.zhengzhuan_api    duoji.o
    0x08009ee0   0x0000002c   Code   RO         4186    locale$$code        c_w.l(lc_numeric_c.o)
    0x08009f0c   0x0000002c   Code   RO         4275    locale$$code        c_w.l(lc_ctype_c.o)
    0x08009f38   0x00000018   Code   RO         4080    x$fpl$basic         fz_wm.l(basic.o)
    0x08009f50   0x00000062   Code   RO         3984    x$fpl$d2f           fz_wm.l(d2f.o)
    0x08009fb2   0x00000002   PAD
    0x08009fb4   0x00000150   Code   RO         3986    x$fpl$dadd          fz_wm.l(daddsub_clz.o)
    0x0800a104   0x00000010   Code   RO         4407    x$fpl$dcheck1       fz_wm.l(dcheck1.o)
    0x0800a114   0x00000018   Code   RO         4188    x$fpl$dcmpinf       fz_wm.l(dcmpi.o)
    0x0800a12c   0x000002b0   Code   RO         3993    x$fpl$ddiv          fz_wm.l(ddiv.o)
    0x0800a3dc   0x00000078   Code   RO         4324    x$fpl$deqf          fz_wm.l(deqf.o)
    0x0800a454   0x0000005e   Code   RO         4190    x$fpl$dfix          fz_wm.l(dfix.o)
    0x0800a4b2   0x00000002   PAD
    0x0800a4b4   0x0000005a   Code   RO         3996    x$fpl$dfixu         fz_wm.l(dfixu.o)
    0x0800a50e   0x0000002e   Code   RO         4001    x$fpl$dflt          fz_wm.l(dflt_clz.o)
    0x0800a53c   0x00000026   Code   RO         4000    x$fpl$dfltu         fz_wm.l(dflt_clz.o)
    0x0800a562   0x00000002   PAD
    0x0800a564   0x00000078   Code   RO         4082    x$fpl$dleqf         fz_wm.l(dleqf.o)
    0x0800a5dc   0x00000154   Code   RO         4006    x$fpl$dmul          fz_wm.l(dmul.o)
    0x0800a730   0x0000009c   Code   RO         4084    x$fpl$dnaninf       fz_wm.l(dnaninf.o)
    0x0800a7cc   0x0000000c   Code   RO         4086    x$fpl$dretinf       fz_wm.l(dretinf.o)
    0x0800a7d8   0x0000006c   Code   RO         4326    x$fpl$drleqf        fz_wm.l(drleqf.o)
    0x0800a844   0x00000016   Code   RO         3987    x$fpl$drsb          fz_wm.l(daddsub_clz.o)
    0x0800a85a   0x00000002   PAD
    0x0800a85c   0x00000198   Code   RO         4088    x$fpl$dsqrt         fz_wm.l(dsqrt_umaal.o)
    0x0800a9f4   0x000001d4   Code   RO         3988    x$fpl$dsub          fz_wm.l(daddsub_clz.o)
    0x0800abc8   0x00000056   Code   RO         4008    x$fpl$f2d           fz_wm.l(f2d.o)
    0x0800ac1e   0x0000008c   Code   RO         4090    x$fpl$fnaninf       fz_wm.l(fnaninf.o)
    0x0800acaa   0x0000000a   Code   RO         4287    x$fpl$fpinit        fz_wm.l(fpinit.o)
    0x0800acb4   0x0000000a   Code   RO         4092    x$fpl$fretinf       fz_wm.l(fretinf.o)
    0x0800acbe   0x00000006   Code   RO         4194    x$fpl$ieeestatus    fz_wm.l(istatus.o)
    0x0800acc4   0x00000004   Code   RO         4010    x$fpl$printf1       fz_wm.l(printf1.o)
    0x0800acc8   0x00000064   Code   RO         4409    x$fpl$retnan        fz_wm.l(retnan.o)
    0x0800ad2c   0x0000005c   Code   RO         4404    x$fpl$scalbn        fz_wm.l(scalbn.o)
    0x0800ad88   0x00000004   Code   RO         4196    x$fpl$scanf1        fz_wm.l(scanf1.o)
    0x0800ad8c   0x00000008   Code   RO         4289    x$fpl$scanf2        fz_wm.l(scanf2.o)
    0x0800ad94   0x00000030   Code   RO         4411    x$fpl$trapveneer    fz_wm.l(trapv.o)
    0x0800adc4   0x00000000   Code   RO         4094    x$fpl$usenofp       fz_wm.l(usenofp.o)
    0x0800adc4   0x00000008   Data   RO         1238    .constdata          stm32f4xx_hal_dma.o
    0x0800adcc   0x00000018   Data   RO         3389    .constdata          system_stm32f4xx.o
    0x0800ade4   0x00004740   Data   RO         3520    .constdata          lcd.o
    0x0800f524   0x00000004   PAD
    0x0800f528   0x00000030   Data   RO         4096    .constdata          m_wm.l(cos_i.o)
    0x0800f558   0x000000c8   Data   RO         4114    .constdata          m_wm.l(rred.o)
    0x0800f620   0x00000028   Data   RO         4118    .constdata          m_wm.l(sin_i.o)
    0x0800f648   0x00000094   Data   RO         4161    .constdata          c_w.l(bigflt0.o)
    0x0800f6dc   0x00000020   Data   RO         4413    Region$$Table       anon$$obj.o
    0x0800f6fc   0x00000008   Data   RO         4283    c$$dinf             fz_wm.l(fpconst.o)
    0x0800f704   0x00000008   Data   RO         4286    c$$dmax             fz_wm.l(fpconst.o)
    0x0800f70c   0x0000001c   Data   RO         4185    locale$$data        c_w.l(lc_numeric_c.o)
    0x0800f728   0x00000110   Data   RO         4274    locale$$data        c_w.l(lc_ctype_c.o)


    Execution Region RW_IRAM1 (Base: 0x20000000, Size: 0x00000f30, Max: 0x0001c000, ABSOLUTE)

    Base Addr    Size         Type   Attr      Idx    E Section Name        Object

    0x20000000   0x00000004   Data   RW           28    .data               main.o
    0x20000004   0x00000008   Data   RW          329    .data               fsmc.o
    0x2000000c   0x00000009   Data   RW         1670    .data               stm32f4xx_hal.o
    0x20000015   0x00000003   PAD
    0x20000018   0x00000004   Data   RW         3390    .data               system_stm32f4xx.o
    0x2000001c   0x00000008   Data   RW         3430    .data               laser.o
    0x20000024   0x00000008   Data   RW         3521    .data               lcd.o
    0x2000002c   0x00000004   Data   RW         3724    .data               duoji.o
    0x20000030   0x0000016c   Zero   RW           27    .bss                main.o
    0x2000019c   0x00000050   Zero   RW          328    .bss                fsmc.o
    0x200001ec   0x00000048   Zero   RW          379    .bss                tim.o
    0x20000234   0x00000148   Zero   RW          422    .bss                usart.o
    0x2000037c   0x00000028   Zero   RW         3429    .bss                laser.o
    0x200003a4   0x0000005e   Zero   RW         3519    .bss                lcd.o
    0x20000402   0x00000002   PAD
    0x20000404   0x000004cc   Zero   RW         3789    .bss                vmsgexec.o
    0x200008d0   0x00000060   Zero   RW         4203    .bss                c_w.l(libspace.o)
    0x20000930   0x00000200   Zero   RW            2    HEAP                startup_stm32f407xx.o
    0x20000b30   0x00000400   Zero   RW            1    STACK               startup_stm32f407xx.o


    Execution Region RW_IRAM2 (Base: 0x2001c000, Size: 0x00000000, Max: 0x00004000, ABSOLUTE)

    **** No section assigned to this execution region ****


==============================================================================

Image component sizes


      Code (inc. data)   RO Data    RW Data    ZI Data      Debug   Object Name

       104          6          0          0          0        810   dma.o
       408         46          0          4          0       4040   duoji.o
       314         24          0          8         80       2339   fsmc.o
       344         16          0          0          0       1111   gpio.o
       548         40          0          8         40       3220   laser.o
     12538        186      18240          8         94      20206   lcd.o
      4178        686          0          4        364     719961   main.o
        64         26        392          0       1536        852   startup_stm32f407xx.o
       212         36          0          9          0       9461   stm32f4xx_hal.o
       372         28          0          0          0      35273   stm32f4xx_hal_cortex.o
      1436         16          8          0          0       7110   stm32f4xx_hal_dma.o
       528         46          0          0          0       2823   stm32f4xx_hal_gpio.o
        72          4          0          0          0        850   stm32f4xx_hal_msp.o
      1820         84          0          0          0       5684   stm32f4xx_hal_rcc.o
        94          0          0          0          0       1224   stm32f4xx_hal_sram.o
       910         76          0          0          0       7174   stm32f4xx_hal_tim.o
       180         30          0          0          0       1352   stm32f4xx_hal_tim_ex.o
      3014         26          0          0          0      17749   stm32f4xx_hal_uart.o
       162         24          0          0          0       6706   stm32f4xx_it.o
       254         10          0          0          0       3955   stm32f4xx_ll_fsmc.o
        20          6         24          4          0       1131   system_stm32f4xx.o
       160         18          0          0         72       1658   tim.o
       528         54          0          0        328       2557   usart.o
        44          6          0          0          0        535   vdelay.o
       144         22          0          0       1228       4253   vmsgexec.o
       168          0          0          0          0       2329   vqueue.o

    ----------------------------------------------------------------------
     28632       1516      18700         48       3744     864363   Object Totals
         0          0         32          0          0          0   (incl. Generated)
        16          0          4          3          2          0   (incl. Padding)

    ----------------------------------------------------------------------

      Code (inc. data)   RO Data    RW Data    ZI Data      Debug   Library Member Name

        44          6          0          0          0         84   __2sprintf.o
         8          0          0          0          0         68   __main.o
       284          0          0          0          0        156   __printf_wp.o
         0          0          0          0          0          0   __rtentry.o
        12          0          0          0          0          0   __rtentry2.o
         6          0          0          0          0          0   __rtentry4.o
        52          8          0          0          0          0   __scatter.o
        26          0          0          0          0          0   __scatter_copy.o
        28          0          0          0          0          0   __scatter_zi.o
        28          0          0          0          0         68   _chval.o
        48          6          0          0          0         96   _printf_char_common.o
         6          0          0          0          0          0   _printf_d.o
       120         16          0          0          0         92   _printf_dec.o
         6          0          0          0          0          0   _printf_f.o
      1054          0          0          0          0        216   _printf_fp_dec.o
       128         16          0          0          0         84   _printf_fp_infnan.o
       178          0          0          0          0         88   _printf_intcommon.o
         0          0          0          0          0          0   _printf_percent.o
         4          0          0          0          0          0   _printf_percent_end.o
        22          0          0          0          0        100   _rserrno.o
        64          0          0          0          0         84   _sgetc.o
        10          0          0          0          0         68   _sputc.o
       228          4        148          0          0         96   bigflt0.o
      2152        136          0          0          0        960   btod.o
        18          0          0          0          0         80   exit.o
         6          0          0          0          0        152   heapauxi.o
         0          0          0          0          0          0   indicate_semi.o
        18          0          0          0          0         76   isspace.o
        44         10        272          0          0         76   lc_ctype_c.o
        44         10         28          0          0         76   lc_numeric_c.o
         2          0          0          0          0          0   libinit.o
        34          0          0          0          0          0   libinit2.o
         2          0          0          0          0          0   libshutdown.o
         2          0          0          0          0          0   libshutdown2.o
         8          4          0          0         96         68   libspace.o
        38          0          0          0          0         68   llshl.o
       138          0          0          0          0         80   lludiv10.o
       238          0          0          0          0        100   lludivv7m.o
        16          4          0          0          0         76   rt_ctype_table.o
         8          4          0          0          0         68   rt_errno_addr_intlibspace.o
         8          4          0          0          0         68   rt_locale_intlibspace.o
        68          0          0          0          0         68   rt_memclr.o
        78          0          0          0          0         80   rt_memclr_w.o
       138          0          0          0          0         68   rt_memcpy_v6.o
       100          0          0          0          0         80   rt_memcpy_w.o
         2          0          0          0          0          0   rtexit.o
        10          0          0          0          0          0   rtexit2.o
      1272         16          0          0          0        168   scanf_fp.o
       800         14          0          0          0        100   scanf_hexfp.o
       308         16          0          0          0        100   scanf_infnan.o
       128          0          0          0          0         68   strcmpv7m.o
       164         14          0          0          0        120   strtod.o
        12          4          0          0          0         68   sys_exit.o
        74          0          0          0          0         80   sys_stackheap_outer.o
         2          0          0          0          0         68   use_no_semi.o
        24          0          0          0          0        164   basic.o
        98          4          0          0          0        140   d2f.o
       826         16          0          0          0        492   daddsub_clz.o
        16          4          0          0          0        116   dcheck1.o
        24          0          0          0          0        116   dcmpi.o
       688        140          0          0          0        256   ddiv.o
       120          4          0          0          0        140   deqf.o
        94          4          0          0          0        140   dfix.o
        90          4          0          0          0        140   dfixu.o
        84          0          0          0          0        232   dflt_clz.o
       120          4          0          0          0        140   dleqf.o
       340         12          0          0          0        152   dmul.o
       156          4          0          0          0        140   dnaninf.o
        12          0          0          0          0        116   dretinf.o
       108          0          0          0          0        128   drleqf.o
       408         56          0          0          0        168   dsqrt_umaal.o
        86          4          0          0          0        132   f2d.o
       140          4          0          0          0        132   fnaninf.o
         0          0         16          0          0          0   fpconst.o
        10          0          0          0          0        116   fpinit.o
        10          0          0          0          0        116   fretinf.o
         6          0          0          0          0        116   istatus.o
         4          0          0          0          0        116   printf1.o
       100          0          0          0          0        116   retnan.o
        92          0          0          0          0        116   scalbn.o
         4          0          0          0          0        116   scanf1.o
         8          0          0          0          0        132   scanf2.o
        48          0          0          0          0        116   trapv.o
         0          0          0          0          0          0   usenofp.o
        56         12          0          0          0        132   atof.o
       200         20          0          0          0        164   cos.o
       368         46         48          0          0        200   cos_i.o
       116         24          0          0          0        496   dunder.o
        44          0          0          0          0        248   fabs.o
        48          0          0          0          0        124   fpclassify.o
       140         22          0          0          0        132   frexp.o
       228          8          0          0          0        308   ldexp.o
       266         16          0          0          0        308   narrow.o
       248          0          0          0          0        152   poly.o
      1080        142        200          0          0        188   rred.o
       200         20          0          0          0        164   sin.o
       304         24         40          0          0        208   sin_i.o
       122          0          0          0          0        148   sqrt.o

    ----------------------------------------------------------------------
     15460        886        752          0         96      11392   Library Totals
        36          0          0          0          0          0   (incl. Padding)

    ----------------------------------------------------------------------

      Code (inc. data)   RO Data    RW Data    ZI Data      Debug   Library Name

      8288        292        448          0         96       4316   c_w.l
      3716        260         16          0          0       4104   fz_wm.l
      3420        334        288          0          0       2972   m_wm.l

    ----------------------------------------------------------------------
     15460        886        752          0         96      11392   Library Totals

    ----------------------------------------------------------------------

==============================================================================


      Code (inc. data)   RO Data    RW Data    ZI Data      Debug   

     44092       2402      19452         48       3840     855463   Grand Totals
     44092       2402      19452         48       3840     855463   ELF Image Totals
     44092       2402      19452         48          0          0   ROM Totals

==============================================================================

    Total RO  Size (Code + RO Data)                63544 (  62.05kB)
    Total RW  Size (RW Data + ZI Data)              3888 (   3.80kB)
    Total ROM Size (Code + RO Data + RW Data)      63592 (  62.10kB)

==============================================================================

